Component: ARM Compiler 5.06 update 6 (build 750) Tool: armlink [4d35ed]

==============================================================================

Section Cross References

    startup_stm32f103xb.o(STACK) refers (Special) to heapauxi.o(.text) for __use_two_region_memory
    startup_stm32f103xb.o(HEAP) refers (Special) to heapauxi.o(.text) for __use_two_region_memory
    startup_stm32f103xb.o(RESET) refers (Special) to heapauxi.o(.text) for __use_two_region_memory
    startup_stm32f103xb.o(RESET) refers to startup_stm32f103xb.o(STACK) for __initial_sp
    startup_stm32f103xb.o(RESET) refers to startup_stm32f103xb.o(.text) for Reset_Handler
    startup_stm32f103xb.o(RESET) refers to stm32f1xx_it.o(i.NMI_Handler) for NMI_Handler
    startup_stm32f103xb.o(RESET) refers to stm32f1xx_it.o(i.HardFault_Handler) for HardFault_Handler
    startup_stm32f103xb.o(RESET) refers to stm32f1xx_it.o(i.MemManage_Handler) for MemManage_Handler
    startup_stm32f103xb.o(RESET) refers to stm32f1xx_it.o(i.BusFault_Handler) for BusFault_Handler
    startup_stm32f103xb.o(RESET) refers to stm32f1xx_it.o(i.UsageFault_Handler) for UsageFault_Handler
    startup_stm32f103xb.o(RESET) refers to port.o(.emb_text) for SVC_Handler
    startup_stm32f103xb.o(RESET) refers to stm32f1xx_it.o(i.DebugMon_Handler) for DebugMon_Handler
    startup_stm32f103xb.o(RESET) refers to port.o(i.SysTick_Handler) for SysTick_Handler
    startup_stm32f103xb.o(RESET) refers to stm32f1xx_it.o(i.DMA1_Channel4_IRQHandler) for DMA1_Channel4_IRQHandler
    startup_stm32f103xb.o(RESET) refers to stm32f1xx_it.o(i.DMA1_Channel5_IRQHandler) for DMA1_Channel5_IRQHandler
    startup_stm32f103xb.o(RESET) refers to stm32f1xx_it.o(i.USB_HP_CAN1_TX_IRQHandler) for USB_HP_CAN1_TX_IRQHandler
    startup_stm32f103xb.o(RESET) refers to stm32f1xx_it.o(i.USB_LP_CAN1_RX0_IRQHandler) for USB_LP_CAN1_RX0_IRQHandler
    startup_stm32f103xb.o(RESET) refers to stm32f1xx_it.o(i.TIM2_IRQHandler) for TIM2_IRQHandler
    startup_stm32f103xb.o(RESET) refers to stm32f1xx_it.o(i.USART1_IRQHandler) for USART1_IRQHandler
    startup_stm32f103xb.o(.text) refers (Special) to heapauxi.o(.text) for __use_two_region_memory
    startup_stm32f103xb.o(.text) refers to system_stm32f1xx.o(i.SystemInit) for SystemInit
    startup_stm32f103xb.o(.text) refers to __main.o(!!!main) for __main
    startup_stm32f103xb.o(.text) refers to startup_stm32f103xb.o(HEAP) for Heap_Mem
    startup_stm32f103xb.o(.text) refers to startup_stm32f103xb.o(STACK) for Stack_Mem
    nrf24.o(i.DelayMicro) refers to system_stm32f1xx.o(.data) for SystemCoreClock
    nrf24.o(i.NRF24L01_RX_Mode) refers to nrf24.o(i.NRF24_ReadReg) for NRF24_ReadReg
    nrf24.o(i.NRF24L01_RX_Mode) refers to nrf24.o(i.NRF24_WriteReg) for NRF24_WriteReg
    nrf24.o(i.NRF24L01_RX_Mode) refers to stm32f1xx_hal_gpio.o(i.HAL_GPIO_WritePin) for HAL_GPIO_WritePin
    nrf24.o(i.NRF24L01_RX_Mode) refers to nrf24.o(i.DelayMicro) for DelayMicro
    nrf24.o(i.NRF24L01_RX_Mode) refers to nrf24.o(i.NRF24_FlushRX) for NRF24_FlushRX
    nrf24.o(i.NRF24L01_RX_Mode) refers to nrf24.o(i.NRF24_FlushTX) for NRF24_FlushTX
    nrf24.o(i.NRF24L01_Send) refers to nrf24.o(i.NRF24L01_TX_Mode) for NRF24L01_TX_Mode
    nrf24.o(i.NRF24L01_Send) refers to nrf24.o(i.NRF24_ReadReg) for NRF24_ReadReg
    nrf24.o(i.NRF24L01_Send) refers to nrf24.o(i.NRF24_WriteReg) for NRF24_WriteReg
    nrf24.o(i.NRF24L01_Send) refers to nrf24.o(i.DelayMicro) for DelayMicro
    nrf24.o(i.NRF24L01_Send) refers to nrf24.o(i.NRF24_Transmit) for NRF24_Transmit
    nrf24.o(i.NRF24L01_Send) refers to stm32f1xx_hal_gpio.o(i.HAL_GPIO_WritePin) for HAL_GPIO_WritePin
    nrf24.o(i.NRF24L01_Send) refers to stm32f1xx_hal_gpio.o(i.HAL_GPIO_ReadPin) for HAL_GPIO_ReadPin
    nrf24.o(i.NRF24L01_Send) refers to nrf24.o(i.NRF24_FlushTX) for NRF24_FlushTX
    nrf24.o(i.NRF24L01_Send) refers to nrf24.o(i.NRF24L01_RX_Mode) for NRF24L01_RX_Mode
    nrf24.o(i.NRF24L01_TX_Mode) refers to nrf24.o(i.NRF24_Write_Buf) for NRF24_Write_Buf
    nrf24.o(i.NRF24L01_TX_Mode) refers to stm32f1xx_hal_gpio.o(i.HAL_GPIO_WritePin) for HAL_GPIO_WritePin
    nrf24.o(i.NRF24L01_TX_Mode) refers to nrf24.o(i.NRF24_FlushRX) for NRF24_FlushRX
    nrf24.o(i.NRF24L01_TX_Mode) refers to nrf24.o(i.NRF24_FlushTX) for NRF24_FlushTX
    nrf24.o(i.NRF24L01_TX_Mode) refers to nrf24.o(.data) for .data
    nrf24.o(i.NRF24_FlushRX) refers to stm32f1xx_hal_gpio.o(i.HAL_GPIO_WritePin) for HAL_GPIO_WritePin
    nrf24.o(i.NRF24_FlushRX) refers to stm32f1xx_hal_spi.o(i.HAL_SPI_Transmit) for HAL_SPI_Transmit
    nrf24.o(i.NRF24_FlushRX) refers to nrf24.o(i.DelayMicro) for DelayMicro
    nrf24.o(i.NRF24_FlushRX) refers to main.o(.bss) for hspi2
    nrf24.o(i.NRF24_FlushTX) refers to stm32f1xx_hal_gpio.o(i.HAL_GPIO_WritePin) for HAL_GPIO_WritePin
    nrf24.o(i.NRF24_FlushTX) refers to stm32f1xx_hal_spi.o(i.HAL_SPI_Transmit) for HAL_SPI_Transmit
    nrf24.o(i.NRF24_FlushTX) refers to nrf24.o(i.DelayMicro) for DelayMicro
[...]
    i.SPI_EndRxTxTransaction                 0x08002e1c   Section        0  stm32f1xx_hal_spi.o(i.SPI_EndRxTxTransaction)
    SPI_EndRxTxTransaction                   0x08002e1d   Thumb Code    32  stm32f1xx_hal_spi.o(i.SPI_EndRxTxTransaction)
    i.SPI_WaitFlagStateUntilTimeout          0x08002e3c   Section        0  stm32f1xx_hal_spi.o(i.SPI_WaitFlagStateUntilTimeout)
    SPI_WaitFlagStateUntilTimeout            0x08002e3d   Thumb Code   180  stm32f1xx_hal_spi.o(i.SPI_WaitFlagStateUntilTimeout)
    i.StartDefaultTask                       0x08002ef4   Section        0  main.o(i.StartDefaultTask)
    i.SysTick_Handler                        0x08002efc   Section        0  port.o(i.SysTick_Handler)
    i.SystemClock_Config                     0x08002f28   Section        0  main.o(i.SystemClock_Config)
    i.SystemInit                             0x08002f86   Section        0  system_stm32f1xx.o(i.SystemInit)
    i.TIM2_IRQHandler                        0x08002f88   Section        0  stm32f1xx_it.o(i.TIM2_IRQHandler)
    i.TIM_Base_SetConfig                     0x08002f94   Section        0  stm32f1xx_hal_tim.o(i.TIM_Base_SetConfig)
    i.UART_DMAAbortOnError                   0x08003000   Section        0  stm32f1xx_hal_uart.o(i.UART_DMAAbortOnError)
    UART_DMAAbortOnError                     0x08003001   Thumb Code    16  stm32f1xx_hal_uart.o(i.UART_DMAAbortOnError)
    i.UART_DMAError                          0x08003010   Section        0  stm32f1xx_hal_uart.o(i.UART_DMAError)
    UART_DMAError                            0x08003011   Thumb Code    74  stm32f1xx_hal_uart.o(i.UART_DMAError)
    i.UART_DMAReceiveCplt                    0x0800305a   Section        0  stm32f1xx_hal_uart.o(i.UART_DMAReceiveCplt)
    UART_DMAReceiveCplt                      0x0800305b   Thumb Code    90  stm32f1xx_hal_uart.o(i.UART_DMAReceiveCplt)
    i.UART_DMARxHalfCplt                     0x080030b4   Section        0  stm32f1xx_hal_uart.o(i.UART_DMARxHalfCplt)
    UART_DMARxHalfCplt                       0x080030b5   Thumb Code    26  stm32f1xx_hal_uart.o(i.UART_DMARxHalfCplt)
    i.UART_DMATransmitCplt                   0x080030ce   Section        0  stm32f1xx_hal_uart.o(i.UART_DMATransmitCplt)
    UART_DMATransmitCplt                     0x080030cf   Thumb Code    46  stm32f1xx_hal_uart.o(i.UART_DMATransmitCplt)
    i.UART_DMATxHalfCplt                     0x080030fc   Section        0  stm32f1xx_hal_uart.o(i.UART_DMATxHalfCplt)
    UART_DMATxHalfCplt                       0x080030fd   Thumb Code    10  stm32f1xx_hal_uart.o(i.UART_DMATxHalfCplt)
    i.UART_EndRxTransfer                     0x08003106   Section        0  stm32f1xx_hal_uart.o(i.UART_EndRxTransfer)
    UART_EndRxTransfer                       0x08003107   Thumb Code    48  stm32f1xx_hal_uart.o(i.UART_EndRxTransfer)
    i.UART_EndTxTransfer                     0x08003136   Section        0  stm32f1xx_hal_uart.o(i.UART_EndTxTransfer)
    UART_EndTxTransfer                       0x08003137   Thumb Code    18  stm32f1xx_hal_uart.o(i.UART_EndTxTransfer)
    i.UART_Receive_IT                        0x08003148   Section        0  stm32f1xx_hal_uart.o(i.UART_Receive_IT)
    UART_Receive_IT                          0x08003149   Thumb Code   182  stm32f1xx_hal_uart.o(i.UART_Receive_IT)
    i.UART_SetConfig                         0x08003200   Section        0  stm32f1xx_hal_uart.o(i.UART_SetConfig)
    UART_SetConfig                           0x08003201   Thumb Code   178  stm32f1xx_hal_uart.o(i.UART_SetConfig)
    i.UART_Start_Receive_DMA                 0x080032b8   Section        0  stm32f1xx_hal_uart.o(i.UART_Start_Receive_DMA)
    i.USART1_IRQHandler                      0x08003328   Section        0  stm32f1xx_it.o(i.USART1_IRQHandler)
    i.USB_HP_CAN1_TX_IRQHandler              0x08003334   Section        0  stm32f1xx_it.o(i.USB_HP_CAN1_TX_IRQHandler)
    i.USB_LP_CAN1_RX0_IRQHandler             0x08003340   Section        0  stm32f1xx_it.o(i.USB_LP_CAN1_RX0_IRQHandler)
    i.UsageFault_Handler                     0x0800334c   Section        0  stm32f1xx_it.o(i.UsageFault_Handler)
    i.__NVIC_SetPriority                     0x0800334e   Section        0  stm32f1xx_hal_cortex.o(i.__NVIC_SetPriority)
    __NVIC_SetPriority                       0x0800334f   Thumb Code    32  stm32f1xx_hal_cortex.o(i.__NVIC_SetPriority)
    i._is_digit                              0x0800336e   Section        0  __printf_wp.o(i._is_digit)
    i.current_mission                        0x0800337c   Section        0  nextion.o(i.current_mission)
    i.main                                   0x08003410   Section        0  main.o(i.main)
    i.makeFreeRtosPriority                   0x080035a0   Section        0  cmsis_os.o(i.makeFreeRtosPriority)
    makeFreeRtosPriority                     0x080035a1   Thumb Code    12  cmsis_os.o(i.makeFreeRtosPriority)
    i.osDelay                                0x080035ac   Section        0  cmsis_os.o(i.osDelay)
    i.osKernelStart                          0x080035bc   Section        0  cmsis_os.o(i.osKernelStart)
    i.osThreadCreate                         0x080035c6   Section        0  cmsis_os.o(i.osThreadCreate)
    i.prvAddCurrentTaskToDelayedList         0x08003624   Section        0  tasks.o(i.prvAddCurrentTaskToDelayedList)
    prvAddCurrentTaskToDelayedList           0x08003625   Thumb Code   110  tasks.o(i.prvAddCurrentTaskToDelayedList)
    i.prvAddNewTaskToReadyList               0x0800369c   Section        0  tasks.o(i.prvAddNewTaskToReadyList)
    prvAddNewTaskToReadyList                 0x0800369d   Thumb Code   124  tasks.o(i.prvAddNewTaskToReadyList)
    i.prvCheckTasksWaitingTermination        0x08003724   Section        0  tasks.o(i.prvCheckTasksWaitingTermination)
    prvCheckTasksWaitingTermination          0x08003725   Thumb Code    56  tasks.o(i.prvCheckTasksWaitingTermination)
    i.prvDeleteTCB                           0x08003764   Section        0  tasks.o(i.prvDeleteTCB)
    prvDeleteTCB                             0x08003765   Thumb Code    64  tasks.o(i.prvDeleteTCB)
    i.prvHeapInit                            0x080037a4   Section        0  heap_4.o(i.prvHeapInit)
    prvHeapInit                              0x080037a5   Thumb Code    70  heap_4.o(i.prvHeapInit)
    i.prvIdleTask                            0x080037f4   Section        0  tasks.o(i.prvIdleTask)
    prvIdleTask                              0x080037f5   Thumb Code    30  tasks.o(i.prvIdleTask)
    i.prvInitialiseNewTask                   0x0800381c   Section        0  tasks.o(i.prvInitialiseNewTask)
    prvInitialiseNewTask                     0x0800381d   Thumb Code   116  tasks.o(i.prvInitialiseNewTask)
    i.prvInitialiseTaskLists                 0x08003890   Section        0  tasks.o(i.prvInitialiseTaskLists)
    prvInitialiseTaskLists                   0x08003891   Thumb Code    66  tasks.o(i.prvInitialiseTaskLists)
    i.prvInsertBlockIntoFreeList             0x080038f0   Section        0  heap_4.o(i.prvInsertBlockIntoFreeList)
    prvInsertBlockIntoFreeList               0x080038f1   Thumb Code    84  heap_4.o(i.prvInsertBlockIntoFreeList)
    i.prvResetNextTaskUnblockTime            0x0800394c   Section        0  tasks.o(i.prvResetNextTaskUnblockTime)
    prvResetNextTaskUnblockTime              0x0800394d   Thumb Code    30  tasks.o(i.prvResetNextTaskUnblockTime)
    i.prvTaskExitError                       0x08003970   Section        0  port.o(i.prvTaskExitError)
    prvTaskExitError                         0x08003971   Thumb Code    42  port.o(i.prvTaskExitError)
    i.pvPortMalloc                           0x080039a0   Section        0  heap_4.o(i.pvPortMalloc)
    i.pxPortInitialiseStack                  0x08003a84   Section        0  port.o(i.pxPortInitialiseStack)
    i.uxListRemove                           0x08003aa8   Section        0  list.o(i.uxListRemove)
    i.vApplicationGetIdleTaskMemory          0x08003ad0   Section        0  freertos.o(i.vApplicationGetIdleTaskMemory)
    i.vListInitialise                        0x08003ae4   Section        0  list.o(i.vListInitialise)
    i.vListInitialiseItem                    0x08003afa   Section        0  list.o(i.vListInitialiseItem)
    i.vListInsert                            0x08003b00   Section        0  list.o(i.vListInsert)
    i.vListInsertEnd                         0x08003b36   Section        0  list.o(i.vListInsertEnd)
    i.vPortEnterCritical                     0x08003b50   Section        0  port.o(i.vPortEnterCritical)
    i.vPortExitCritical                      0x08003b90   Section        0  port.o(i.vPortExitCritical)
    i.vPortFree                              0x08003bbc   Section        0  heap_4.o(i.vPortFree)
    i.vPortSetupTimerInterrupt               0x08003c18   Section        0  port.o(i.vPortSetupTimerInterrupt)
    i.vTaskDelay                             0x08003c3c   Section        0  tasks.o(i.vTaskDelay)
    i.vTaskStartScheduler                    0x08003c8c   Section        0  tasks.o(i.vTaskStartScheduler)
    i.vTaskSuspendAll                        0x08003d14   Section        0  tasks.o(i.vTaskSuspendAll)
    i.vTaskSwitchContext                     0x08003d24   Section        0  tasks.o(i.vTaskSwitchContext)
    i.xPortStartScheduler                    0x08003d84   Section        0  port.o(i.xPortStartScheduler)
    i.xTaskCreate                            0x08003e38   Section        0  tasks.o(i.xTaskCreate)
    i.xTaskCreateStatic                      0x08003ea4   Section        0  tasks.o(i.xTaskCreateStatic)
    i.xTaskIncrementTick                     0x08003f04   Section        0  tasks.o(i.xTaskIncrementTick)
    i.xTaskResumeAll                         0x08003fd4   Section        0  tasks.o(i.xTaskResumeAll)
    x$fpl$d2f                                0x080040a0   Section       98  d2f.o(x$fpl$d2f)
    x$fpl$dadd                               0x08004104   Section      336  daddsub_clz.o(x$fpl$dadd)
    _dadd1                                   0x08004115   Thumb Code     0  daddsub_clz.o(x$fpl$dadd)
    x$fpl$ddiv                               0x08004254   Section      688  ddiv.o(x$fpl$ddiv)
    ddiv_entry                               0x0800425b   Thumb Code     0  ddiv.o(x$fpl$ddiv)
    x$fpl$dfixu                              0x08004504   Section       90  dfixu.o(x$fpl$dfixu)
    x$fpl$dfltu                              0x0800455e   Section       38  dflt_clz.o(x$fpl$dfltu)
    x$fpl$dmul                               0x08004584   Section      340  dmul.o(x$fpl$dmul)
    x$fpl$dnaninf                            0x080046d8   Section      156  dnaninf.o(x$fpl$dnaninf)
    x$fpl$dretinf                            0x08004774   Section       12  dretinf.o(x$fpl$dretinf)
    x$fpl$dsub                               0x08004780   Section      468  daddsub_clz.o(x$fpl$dsub)
    _dsub1                                   0x08004791   Thumb Code     0  daddsub_clz.o(x$fpl$dsub)
    x$fpl$f2d                                0x08004954   Section       86  f2d.o(x$fpl$f2d)
    x$fpl$fnaninf                            0x080049aa   Section      140  fnaninf.o(x$fpl$fnaninf)
    x$fpl$fretinf                            0x08004a36   Section       10  fretinf.o(x$fpl$fretinf)
    .constdata                               0x08004a40   Section      112  main.o(.constdata)
    x$fpl$usenofp                            0x08004a40   Section        0  usenofp.o(x$fpl$usenofp)
    .constdata                               0x08004ab0   Section       16  system_stm32f1xx.o(.constdata)
    .constdata                               0x08004ac0   Section        8  system_stm32f1xx.o(.constdata)
    .constdata                               0x08004ac8   Section       40  _printf_hex_int.o(.constdata)
    uc_hextab                                0x08004ac8   Data          20  _printf_hex_int.o(.constdata)
    lc_hextab                                0x08004adc   Data          20  _printf_hex_int.o(.constdata)
    .constdata                               0x08004af0   Section       17  __printf_flags_wp.o(.constdata)
    maptable                                 0x08004af0   Data          17  __printf_flags_wp.o(.constdata)
    .conststring                             0x08004b04   Section       32  main.o(.conststring)
    .data                                    0x20000000   Section        3  nrf24.o(.data)
    .data                                    0x20000003   Section        3  nextion.o(.data)
    .data                                    0x20000008   Section       28  main.o(.data)
    .data                                    0x20000024   Section       12  stm32f1xx_hal.o(.data)
    .data                                    0x20000030   Section        4  system_stm32f1xx.o(.data)
    .data                                    0x20000034   Section       60  tasks.o(.data)
    pxDelayedTaskList                        0x20000038   Data           4  tasks.o(.data)
    pxOverflowDelayedTaskList                0x2000003c   Data           4  tasks.o(.data)
    uxDeletedTasksWaitingCleanUp             0x20000040   Data           4  tasks.o(.data)
    uxCurrentNumberOfTasks                   0x20000044   Data           4  tasks.o(.data)
    xTickCount                               0x20000048   Data           4  tasks.o(.data)
    uxTopReadyPriority                       0x2000004c   Data           4  tasks.o(.data)
    xSchedulerRunning                        0x20000050   Data           4  tasks.o(.data)
    uxPendedTicks                            0x20000054   Data           4  tasks.o(.data)
    xYieldPending                            0x20000058   Data           4  tasks.o(.data)
    xNumOfOverflows                          0x2000005c   Data           4  tasks.o(.data)
    uxTaskNumber                             0x20000060   Data           4  tasks.o(.data)
    xNextTaskUnblockTime                     0x20000064   Data           4  tasks.o(.data)
    xIdleTaskHandle                          0x20000068   Data           4  tasks.o(.data)
    uxSchedulerSuspended                     0x2000006c   Data           4  tasks.o(.data)
    .data                                    0x20000070   Section       24  heap_4.o(.data)
    pxEnd                                    0x20000070   Data           4  heap_4.o(.data)
    xFreeBytesRemaining                      0x20000074   Data           4  heap_4.o(.data)
    xMinimumEverFreeBytesRemaining           0x20000078   Data           4  heap_4.o(.data)
    xBlockAllocatedBit                       0x2000007c   Data           4  heap_4.o(.data)
    xStart                                   0x20000080   Data           8  heap_4.o(.data)
    .data                                    0x20000088   Section       12  port.o(.data)
    ucMaxSysCallPriority                     0x20000088   Data           1  port.o(.data)
    uxCriticalNesting                        0x2000008c   Data           4  port.o(.data)
    ulMaxPRIGROUPValue                       0x20000090   Data           4  port.o(.data)
    .bss                                     0x20000094   Section      376  main.o(.bss)
    .bss                                     0x2000020c   Section       68  main.o(.bss)
    .bss                                     0x20000250   Section       68  main.o(.bss)
    .bss                                     0x20000294   Section      596  freertos.o(.bss)
    xIdleTaskTCBBuffer                       0x20000294   Data          84  freertos.o(.bss)
    xIdleStack                               0x200002e8   Data         512  freertos.o(.bss)
    .bss                                     0x200004e8   Section       72  stm32f1xx_hal_timebase_tim.o(.bss)
    .bss                                     0x20000530   Section      240  tasks.o(.bss)
    pxReadyTasksLists                        0x20000530   Data         140  tasks.o(.bss)
    xDelayedTaskList1                        0x200005bc   Data          20  tasks.o(.bss)
    xDelayedTaskList2                        0x200005d0   Data          20  tasks.o(.bss)
    xPendingReadyList                        0x200005e4   Data          20  tasks.o(.bss)
    xTasksWaitingTermination                 0x200005f8   Data          20  tasks.o(.bss)
    xSuspendedTaskList                       0x2000060c   Data          20  tasks.o(.bss)
    .bss                                     0x20000620   Section     3072  heap_4.o(.bss)
    ucHeap                                   0x20000620   Data        3072  heap_4.o(.bss)
    .bss                                     0x20001220   Section       96  libspace.o(.bss)
    HEAP                                     0x20001280   Section      512  startup_stm32f103xb.o(HEAP)
    Heap_Mem                                 0x20001280   Data         512  startup_stm32f103xb.o(HEAP)
    STACK                                    0x20001480   Section     1024  startup_stm32f103xb.o(STACK)
    Stack_Mem                                0x20001480   Data        1024  startup_stm32f103xb.o(STACK)
    __initial_sp                             0x20001880   Data           0  startup_stm32f103xb.o(STACK)

    Global Symbols

    Symbol Name                              Value     Ov Type        Size  Object(Section)

    BuildAttributes$$THM_ISAv4$P$D$K$B$S$PE$A:L22UL41UL21$X:L11$S22US41US21$IEEE1$IW$USESV6$~STKCKD$USESV7$~SHL$OTIME$ROPI$EBA8$UX$STANDARDLIB$REQ8$PRES8$EABIv2 0x00000000   Number         0  anon$$obj.o ABSOLUTE
    __ARM_use_no_argv                        0x00000000   Number         0  main.o ABSOLUTE
    _printf_flags                            0x00000000   Number         0  printf_stubs.o ABSOLUTE
    _printf_return_value                     0x00000000   Number         0  printf_stubs.o ABSOLUTE
    _printf_sizespec                         0x00000000   Number         0  printf_stubs.o ABSOLUTE
    _printf_widthprec                        0x00000000   Number         0  printf_stubs.o ABSOLUTE
    __ARM_exceptions_init                     - Undefined Weak Reference
    __alloca_initialize                       - Undefined Weak Reference
    __arm_preinit_                            - Undefined Weak Reference
    __cpp_initialize__aeabi_                  - Undefined Weak Reference
    __cxa_finalize                            - Undefined Weak Reference
    __rt_locale                               - Undefined Weak Reference
    __sigvec_lookup                           - Undefined Weak Reference
    _atexit_init                              - Undefined Weak Reference
    _call_atexit_fns                          - Undefined Weak Reference
    _clock_init                               - Undefined Weak Reference
    _fp_trap_init                             - Undefined Weak Reference
    _fp_trap_shutdown                         - Undefined Weak Reference
    _get_lc_collate                           - Undefined Weak Reference
    _get_lc_ctype                             - Undefined Weak Reference
    _get_lc_monetary                          - Undefined Weak Reference
    _get_lc_numeric                           - Undefined Weak Reference
    _get_lc_time                              - Undefined Weak Reference
    _getenv_init                              - Undefined Weak Reference
    _handle_redirection                       - Undefined Weak Reference
    _init_alloc                               - Undefined Weak Reference
    _init_user_alloc                          - Undefined Weak Reference
    _initio                                   - Undefined Weak Reference
    _printf_mbtowc                            - Undefined Weak Reference
    _printf_truncate_signed                   - Undefined Weak Reference
    _printf_truncate_unsigned                 - Undefined Weak Reference
    _rand_init                                - Undefined Weak Reference
    _signal_finish                            - Undefined Weak Reference
    _signal_init                              - Undefined Weak Reference
    _terminate_alloc                          - Undefined Weak Reference
    _terminate_user_alloc                     - Undefined Weak Reference
    _terminateio                              - Undefined Weak Reference
    __Vectors_Size                           0x000000ec   Number         0  startup_stm32f103xb.o ABSOLUTE
    __Vectors                                0x08000000   Data           4  startup_stm32f103xb.o(RESET)
    __Vectors_End                            0x080000ec   Data           0  startup_stm32f103xb.o(RESET)
    __main                                   0x080000ed   Thumb Code     8  __main.o(!!!main)
    __scatterload                            0x080000f5   Thumb Code     0  __scatter.o(!!!scatter)
    __scatterload_rt2                        0x080000f5   Thumb Code    44  __scatter.o(!!!scatter)
    __scatterload_rt2_thumb_only             0x080000f5   Thumb Code     0  __scatter.o(!!!scatter)
    __scatterload_null                       0x08000103   Thumb Code     0  __scatter.o(!!!scatter)
    __scatterload_copy                       0x08000129   Thumb Code    26  __scatter_copy.o(!!handler_copy)
    __scatterload_zeroinit                   0x08000145   Thumb Code    28  __scatter_zi.o(!!handler_zi)
    _printf_d                                0x08000161   Thumb Code     0  _printf_d.o(.ARM.Collect$$_printf_percent$$00000009)
    _printf_percent                          0x08000161   Thumb Code     0  _printf_percent.o(.ARM.Collect$$_printf_percent$$00000000)
    _printf_x                                0x08000167   Thumb Code     0  _printf_x.o(.ARM.Collect$$_printf_percent$$0000000C)
    _printf_s                                0x0800016d   Thumb Code     0  _printf_s.o(.ARM.Collect$$_printf_percent$$00000014)
    _printf_percent_end                      0x08000173   Thumb Code     0  _printf_percent_end.o(.ARM.Collect$$_printf_percent$$00000017)
    __rt_lib_init                            0x08000177   Thumb Code     0  libinit.o(.ARM.Collect$$libinit$$00000000)
    __rt_lib_init_alloca_1                   0x08000179   Thumb Code     0  libinit2.o(.ARM.Collect$$libinit$$0000002E)
    __rt_lib_init_argv_1                     0x08000179   Thumb Code     0  libinit2.o(.ARM.Collect$$libinit$$0000002C)
    __rt_lib_init_atexit_1                   0x08000179   Thumb Code     0  libinit2.o(.ARM.Collect$$libinit$$0000001B)
    __rt_lib_init_clock_1                    0x08000179   Thumb Code     0  libinit2.o(.ARM.Collect$$libinit$$00000021)
    __rt_lib_init_cpp_1                      0x08000179   Thumb Code     0  libinit2.o(.ARM.Collect$$libinit$$00000032)
    __rt_lib_init_exceptions_1               0x08000179   Thumb Code     0  libinit2.o(.ARM.Collect$$libinit$$00000030)
    __rt_lib_init_fp_1                       0x08000179   Thumb Code     0  libinit2.o(.ARM.Collect$$libinit$$00000002)
    __rt_lib_init_fp_trap_1                  0x08000179   Thumb Code     0  libinit2.o(.ARM.Collect$$libinit$$0000001F)
    __rt_lib_init_getenv_1                   0x08000179   Thumb Code     0  libinit2.o(.ARM.Collect$$libinit$$00000023)
    __rt_lib_init_heap_1                     0x08000179   Thumb Code     0  libinit2.o(.ARM.Collect$$libinit$$0000000A)
    __rt_lib_init_lc_collate_1               0x08000179   Thumb Code     0  libinit2.o(.ARM.Collect$$libinit$$00000011)
    __rt_lib_init_lc_ctype_1                 0x08000179   Thumb Code     0  libinit2.o(.ARM.Collect$$libinit$$00000013)
    __rt_lib_init_lc_monetary_1              0x08000179   Thumb Code     0  libinit2.o(.ARM.Collect$$libinit$$00000015)
    __rt_lib_init_lc_numeric_1               0x08000179   Thumb Code     0  libinit2.o(.ARM.Collect$$libinit$$00000017)
    __rt_lib_init_lc_time_1                  0x08000179   Thumb Code     0  libinit2.o(.ARM.Collect$$libinit$$00000019)
    __rt_lib_init_preinit_1                  0x08000179   Thumb Code     0  libinit2.o(.ARM.Collect$$libinit$$00000004)
    __rt_lib_init_rand_1                     0x08000179   Thumb Code     0  libinit2.o(.ARM.Collect$$libinit$$0000000E)
    __rt_lib_init_return                     0x08000179   Thumb Code     0  libinit2.o(.ARM.Collect$$libinit$$00000033)
    __rt_lib_init_signal_1                   0x08000179   Thumb Code     0  libinit2.o(.ARM.Collect$$libinit$$0000001D)
    __rt_lib_init_stdio_1                    0x08000179   Thumb Code     0  libinit2.o(.ARM.Collect$$libinit$$00000025)
    __rt_lib_init_user_alloc_1               0x08000179   Thumb Code     0  libinit2.o(.ARM.Collect$$libinit$$0000000C)
    __rt_lib_shutdown                        0x0800017b   Thumb Code     0  libshutdown.o(.ARM.Collect$$libshutdown$$00000000)
    __rt_lib_shutdown_cpp_1                  0x0800017d   Thumb Code     0  libshutdown2.o(.ARM.Collect$$libshutdown$$00000002)
    __rt_lib_shutdown_fp_trap_1              0x0800017d   Thumb Code     0  libshutdown2.o(.ARM.Collect$$libshutdown$$00000007)
    __rt_lib_shutdown_heap_1                 0x0800017d   Thumb Code     0  libshutdown2.o(.ARM.Collect$$libshutdown$$0000000F)
    __rt_lib_shutdown_return                 0x0800017d   Thumb Code     0  libshutdown2.o(.ARM.Collect$$libshutdown$$00000010)
    __rt_lib_shutdown_signal_1               0x0800017d   Thumb Code     0  libshutdown2.o(.ARM.Collect$$libshutdown$$0000000A)
    __rt_lib_shutdown_stdio_1                0x0800017d   Thumb Code     0  libshutdown2.o(.ARM.Collect$$libshutdown$$00000004)
    __rt_lib_shutdown_user_alloc_1           0x0800017d   Thumb Code     0  libshutdown2.o(.ARM.Collect$$libshutdown$$0000000C)
    __rt_entry                               0x0800017f   Thumb Code     0  __rtentry.o(.ARM.Collect$$rtentry$$00000000)
    __rt_entry_presh_1                       0x0800017f   Thumb Code     0  __rtentry2.o(.ARM.Collect$$rtentry$$00000002)
    __rt_entry_sh                            0x0800017f   Thumb Code     0  __rtentry4.o(.ARM.Collect$$rtentry$$00000004)
    __rt_entry_li                            0x08000185   Thumb Code     0  __rtentry2.o(.ARM.Collect$$rtentry$$0000000A)
    __rt_entry_postsh_1                      0x08000185   Thumb Code     0  __rtentry2.o(.ARM.Collect$$rtentry$$00000009)
    __rt_entry_main                          0x08000189   Thumb Code     0  __rtentry2.o(.ARM.Collect$$rtentry$$0000000D)
    __rt_entry_postli_1                      0x08000189   Thumb Code     0  __rtentry2.o(.ARM.Collect$$rtentry$$0000000C)
    __rt_exit                                0x08000191   Thumb Code     0  rtexit.o(.ARM.Collect$$rtexit$$00000000)
    __rt_exit_ls                             0x08000193   Thumb Code     0  rtexit2.o(.ARM.Collect$$rtexit$$00000003)
    __rt_exit_prels_1                        0x08000193   Thumb Code     0  rtexit2.o(.ARM.Collect$$rtexit$$00000002)
    __rt_exit_exit                           0x08000197   Thumb Code     0  rtexit2.o(.ARM.Collect$$rtexit$$00000004)
    SVC_Handler                              0x0800019d   Thumb Code    32  port.o(.emb_text)
    __asm___6_port_c_39a90d8d__prvStartFirstTask 0x080001c1   Thumb Code    28  port.o(.emb_text)
    PendSV_Handler                           0x080001e1   Thumb Code    72  port.o(.emb_text)
    vPortGetIPSR                             0x0800022d   Thumb Code     6  port.o(.emb_text)
    Reset_Handler                            0x08000235   Thumb Code     8  startup_stm32f103xb.o(.text)
    ADC1_2_IRQHandler                        0x0800024f   Thumb Code     0  startup_stm32f103xb.o(.text)
    CAN1_RX1_IRQHandler                      0x0800024f   Thumb Code     0  startup_stm32f103xb.o(.text)
    CAN1_SCE_IRQHandler                      0x0800024f   Thumb Code     0  startup_stm32f103xb.o(.text)
    DMA1_Channel1_IRQHandler                 0x0800024f   Thumb Code     0  startup_stm32f103xb.o(.text)
    DMA1_Channel2_IRQHandler                 0x0800024f   Thumb Code     0  startup_stm32f103xb.o(.text)
    DMA1_Channel3_IRQHandler                 0x0800024f   Thumb Code     0  startup_stm32f103xb.o(.text)
    DMA1_Channel6_IRQHandler                 0x0800024f   Thumb Code     0  startup_stm32f103xb.o(.text)
    DMA1_Channel7_IRQHandler                 0x0800024f   Thumb Code     0  startup_stm32f103xb.o(.text)
    EXTI0_IRQHandler                         0x0800024f   Thumb Code     0  startup_stm32f103xb.o(.text)
    EXTI15_10_IRQHandler                     0x0800024f   Thumb Code     0  startup_stm32f103xb.o(.text)
    EXTI1_IRQHandler                         0x0800024f   Thumb Code     0  startup_stm32f103xb.o(.text)
    EXTI2_IRQHandler                         0x0800024f   Thumb Code     0  startup_stm32f103xb.o(.text)
    EXTI3_IRQHandler                         0x0800024f   Thumb Code     0  startup_stm32f103xb.o(.text)
    EXTI4_IRQHandler                         0x0800024f   Thumb Code     0  startup_stm32f103xb.o(.text)
    EXTI9_5_IRQHandler                       0x0800024f   Thumb Code     0  startup_stm32f103xb.o(.text)
    FLASH_IRQHandler                         0x0800024f   Thumb Code     0  startup_stm32f103xb.o(.text)
    I2C1_ER_IRQHandler                       0x0800024f   Thumb Code     0  startup_stm32f103xb.o(.text)
    I2C1_EV_IRQHandler                       0x0800024f   Thumb Code     0  startup_stm32f103xb.o(.text)
    I2C2_ER_IRQHandler                       0x0800024f   Thumb Code     0  startup_stm32f103xb.o(.text)
    I2C2_EV_IRQHandler                       0x0800024f   Thumb Code     0  startup_stm32f103xb.o(.text)
    PVD_IRQHandler                           0x0800024f   Thumb Code     0  startup_stm32f103xb.o(.text)
    RCC_IRQHandler                           0x0800024f   Thumb Code     0  startup_stm32f103xb.o(.text)
    RTC_Alarm_IRQHandler                     0x0800024f   Thumb Code     0  startup_stm32f103xb.o(.text)
    RTC_IRQHandler                           0x0800024f   Thumb Code     0  startup_stm32f103xb.o(.text)
    SPI1_IRQHandler                          0x0800024f   Thumb Code     0  startup_stm32f103xb.o(.text)
    SPI2_IRQHandler                          0x0800024f   Thumb Code     0  startup_stm32f103xb.o(.text)
    TAMPER_IRQHandler                        0x0800024f   Thumb Code     0  startup_stm32f103xb.o(.text)
    TIM1_BRK_IRQHandler                      0x0800024f   Thumb Code     0  startup_stm32f103xb.o(.text)
    TIM1_CC_IRQHandler                       0x0800024f   Thumb Code     0  startup_stm32f103xb.o(.text)
    TIM1_TRG_COM_IRQHandler                  0x0800024f   Thumb Code     0  startup_stm32f103xb.o(.text)
    TIM1_UP_IRQHandler                       0x0800024f   Thumb Code     0  startup_stm32f103xb.o(.text)
    TIM3_IRQHandler                          0x0800024f   Thumb Code     0  startup_stm32f103xb.o(.text)
    TIM4_IRQHandler                          0x0800024f   Thumb Code     0  startup_stm32f103xb.o(.text)
    USART2_IRQHandler                        0x0800024f   Thumb Code     0  startup_stm32f103xb.o(.text)
    USART3_IRQHandler                        0x0800024f   Thumb Code     0  startup_stm32f103xb.o(.text)
    USBWakeUp_IRQHandler                     0x0800024f   Thumb Code     0  startup_stm32f103xb.o(.text)
    WWDG_IRQHandler                          0x0800024f   Thumb Code     0  startup_stm32f103xb.o(.text)
    __user_initial_stackheap                 0x08000251   Thumb Code     0  startup_stm32f103xb.o(.text)
    __2sprintf                               0x08000275   Thumb Code    38  __2sprintf.o(.text)
    _printf_pre_padding                      0x080002a1   Thumb Code    44  _printf_pad.o(.text)
    _printf_post_padding                     0x080002cd   Thumb Code    34  _printf_pad.o(.text)
    _printf_str                              0x080002ef   Thumb Code    82  _printf_str.o(.text)
    _printf_int_dec                          0x08000341   Thumb Code   104  _printf_dec.o(.text)
    _printf_int_hex                          0x080003b9   Thumb Code    84  _printf_hex_int.o(.text)
    _printf_longlong_hex                     0x080003b9   Thumb Code     0  _printf_hex_int.o(.text)
    __printf                                 0x08000411   Thumb Code   308  __printf_flags_wp.o(.text)
    strncmp                                  0x08000549   Thumb Code   150  strncmp.o(.text)
    __aeabi_memcpy4                          0x080005df   Thumb Code     0  rt_memcpy_w.o(.text)
    __aeabi_memcpy8                          0x080005df   Thumb Code     0  rt_memcpy_w.o(.text)
    __rt_memcpy_w                            0x080005df   Thumb Code   100  rt_memcpy_w.o(.text)
    _memcpy_lastbytes_aligned                0x08000627   Thumb Code     0  rt_memcpy_w.o(.text)
    __aeabi_memclr4                          0x08000643   Thumb Code     0  rt_memclr_w.o(.text)
    __aeabi_memclr8                          0x08000643   Thumb Code     0  rt_memclr_w.o(.text)
    __rt_memclr_w                            0x08000643   Thumb Code    78  rt_memclr_w.o(.text)
    _memset_w                                0x08000647   Thumb Code     0  rt_memclr_w.o(.text)
    __use_two_region_memory                  0x08000691   Thumb Code     2  heapauxi.o(.text)
    __rt_heap_escrow$2region                 0x08000693   Thumb Code     2  heapauxi.o(.text)
    __rt_heap_expand$2region                 0x08000695   Thumb Code     2  heapauxi.o(.text)
    _printf_int_common                       0x08000697   Thumb Code   178  _printf_intcommon.o(.text)
    _printf_char_common                      0x08000753   Thumb Code    32  _printf_char_common.o(.text)
    _sputc                                   0x08000779   Thumb Code    10  _sputc.o(.text)
    _printf_cs_common                        0x08000783   Thumb Code    20  _printf_char.o(.text)
    _printf_char                             0x08000797   Thumb Code    16  _printf_char.o(.text)
    _printf_string                           0x080007a7   Thumb Code     8  _printf_char.o(.text)
    __user_setup_stackheap                   0x080007af   Thumb Code    74  sys_stackheap_outer.o(.text)
    exit                                     0x080007f9   Thumb Code    18  exit.o(.text)
    __user_libspace                          0x0800080d   Thumb Code     8  libspace.o(.text)
    __user_perproc_libspace                  0x0800080d   Thumb Code     0  libspace.o(.text)
    __user_perthread_libspace                0x0800080d   Thumb Code     0  libspace.o(.text)
    _sys_exit                                0x08000815   Thumb Code     8  sys_exit.o(.text)
    __I$use$semihosting                      0x08000821   Thumb Code     0  use_no_semi.o(.text)
    __use_no_semihosting_swi                 0x08000821   Thumb Code     2  use_no_semi.o(.text)
    BusFault_Handler                         0x08000823   Thumb Code     2  stm32f1xx_it.o(i.BusFault_Handler)
    __semihosting_library_function           0x08000823   Thumb Code     0  indicate_semi.o(.text)
    CAN_task                                 0x08000825   Thumb Code   170  main.o(i.CAN_task)
    DMA1_Channel4_IRQHandler                 0x0800090d   Thumb Code     6  stm32f1xx_it.o(i.DMA1_Channel4_IRQHandler)
    DMA1_Channel5_IRQHandler                 0x08000919   Thumb Code     6  stm32f1xx_it.o(i.DMA1_Channel5_IRQHandler)
    DebugMon_Handler                         0x0800094f   Thumb Code     2  stm32f1xx_it.o(i.DebugMon_Handler)
    Display_task                             0x08000979   Thumb Code    42  main.o(i.Display_task)
    Error_Handler                            0x080009b9   Thumb Code     4  main.o(i.Error_Handler)
    HAL_CAN_ActivateNotification             0x080009bd   Thumb Code    36  stm32f1xx_hal_can.o(i.HAL_CAN_ActivateNotification)
    HAL_CAN_ConfigFilter                     0x080009e1   Thumb Code   238  stm32f1xx_hal_can.o(i.HAL_CAN_ConfigFilter)
    HAL_CAN_ErrorCallback                    0x08000acf   Thumb Code     2  stm32f1xx_hal_can.o(i.HAL_CAN_ErrorCallback)
    HAL_CAN_GetRxMessage                     0x08000ad1   Thumb Code   232  stm32f1xx_hal_can.o(i.HAL_CAN_GetRxMessage)
    HAL_CAN_IRQHandler                       0x08000bb9   Thumb Code   508  stm32f1xx_hal_can.o(i.HAL_CAN_IRQHandler)
    HAL_CAN_Init                             0x08000db5   Thumb Code   282  stm32f1xx_hal_can.o(i.HAL_CAN_Init)
    HAL_CAN_MspInit                          0x08000ed1   Thumb Code   128  stm32f1xx_hal_msp.o(i.HAL_CAN_MspInit)
    HAL_CAN_RxFifo0FullCallback              0x08000f5d   Thumb Code     2  stm32f1xx_hal_can.o(i.HAL_CAN_RxFifo0FullCallback)
    HAL_CAN_RxFifo0MsgPendingCallback        0x08000f61   Thumb Code    10  main.o(i.HAL_CAN_RxFifo0MsgPendingCallback)
    HAL_CAN_RxFifo1FullCallback              0x08000f75   Thumb Code     2  stm32f1xx_hal_can.o(i.HAL_CAN_RxFifo1FullCallback)
    HAL_CAN_RxFifo1MsgPendingCallback        0x08000f77   Thumb Code     2  stm32f1xx_hal_can.o(i.HAL_CAN_RxFifo1MsgPendingCallback)
    HAL_CAN_SleepCallback                    0x08000f79   Thumb Code     2  stm32f1xx_hal_can.o(i.HAL_CAN_SleepCallback)
    HAL_CAN_Start                            0x08000f7d   Thumb Code    88  stm32f1xx_hal_can.o(i.HAL_CAN_Start)
    HAL_CAN_TxMailbox0AbortCallback          0x08000fd5   Thumb Code     2  stm32f1xx_hal_can.o(i.HAL_CAN_TxMailbox0AbortCallback)
    HAL_CAN_TxMailbox0CompleteCallback       0x08000fd7   Thumb Code     2  main.o(i.HAL_CAN_TxMailbox0CompleteCallback)
    HAL_CAN_TxMailbox1AbortCallback          0x08000fd9   Thumb Code     2  stm32f1xx_hal_can.o(i.HAL_CAN_TxMailbox1AbortCallback)
    HAL_CAN_TxMailbox1CompleteCallback       0x08000fdb   Thumb Code     2  stm32f1xx_hal_can.o(i.HAL_CAN_TxMailbox1CompleteCallback)
    HAL_CAN_TxMailbox2AbortCallback          0x08000fdd   Thumb Code     2  stm32f1xx_hal_can.o(i.HAL_CAN_TxMailbox2AbortCallback)
    HAL_CAN_TxMailbox2CompleteCallback       0x08000fdf   Thumb Code     2  stm32f1xx_hal_can.o(i.HAL_CAN_TxMailbox2CompleteCallback)
    HAL_CAN_WakeUpFromRxMsgCallback          0x08000fe1   Thumb Code     2  stm32f1xx_hal_can.o(i.HAL_CAN_WakeUpFromRxMsgCallback)
    HAL_DMA_Abort                            0x08000fe3   Thumb Code    70  stm32f1xx_hal_dma.o(i.HAL_DMA_Abort)
    HAL_DMA_Abort_IT                         0x08001029   Thumb Code   148  stm32f1xx_hal_dma.o(i.HAL_DMA_Abort_IT)
    HAL_DMA_IRQHandler                       0x080010c1   Thumb Code   316  stm32f1xx_hal_dma.o(i.HAL_DMA_IRQHandler)
    HAL_DMA_Init                             0x08001215   Thumb Code    84  stm32f1xx_hal_dma.o(i.HAL_DMA_Init)
    HAL_DMA_Start_IT                         0x08001271   Thumb Code   112  stm32f1xx_hal_dma.o(i.HAL_DMA_Start_IT)
    HAL_Delay                                0x080012e1   Thumb Code    32  stm32f1xx_hal.o(i.HAL_Delay)
    HAL_GPIO_Init                            0x08001305   Thumb Code   446  stm32f1xx_hal_gpio.o(i.HAL_GPIO_Init)
    HAL_GPIO_ReadPin                         0x080014e5   Thumb Code    10  stm32f1xx_hal_gpio.o(i.HAL_GPIO_ReadPin)
    HAL_GPIO_WritePin                        0x080014ef   Thumb Code    10  stm32f1xx_hal_gpio.o(i.HAL_GPIO_WritePin)
    HAL_GetTick                              0x080014f9   Thumb Code     6  stm32f1xx_hal.o(i.HAL_GetTick)
    HAL_IncTick                              0x08001505   Thumb Code    12  stm32f1xx_hal.o(i.HAL_IncTick)
    HAL_Init                                 0x08001515   Thumb Code    32  stm32f1xx_hal.o(i.HAL_Init)
    HAL_InitTick                             0x08001539   Thumb Code   102  stm32f1xx_hal_timebase_tim.o(i.HAL_InitTick)
    HAL_MspInit                              0x080015ad   Thumb Code    62  stm32f1xx_hal_msp.o(i.HAL_MspInit)
    HAL_NVIC_EnableIRQ                       0x080015f5   Thumb Code    26  stm32f1xx_hal_cortex.o(i.HAL_NVIC_EnableIRQ)
    HAL_NVIC_SetPriority                     0x08001611   Thumb Code    60  stm32f1xx_hal_cortex.o(i.HAL_NVIC_SetPriority)
    HAL_NVIC_SetPriorityGrouping             0x08001651   Thumb Code    26  stm32f1xx_hal_cortex.o(i.HAL_NVIC_SetPriorityGrouping)
    HAL_RCC_ClockConfig                      0x08001675   Thumb Code   280  stm32f1xx_hal_rcc.o(i.HAL_RCC_ClockConfig)
    HAL_RCC_GetClockConfig                   0x080017a1   Thumb Code    54  stm32f1xx_hal_rcc.o(i.HAL_RCC_GetClockConfig)
    HAL_RCC_GetPCLK1Freq                     0x080017e1   Thumb Code    20  stm32f1xx_hal_rcc.o(i.HAL_RCC_GetPCLK1Freq)
    HAL_RCC_GetPCLK2Freq                     0x08001801   Thumb Code    20  stm32f1xx_hal_rcc.o(i.HAL_RCC_GetPCLK2Freq)
    HAL_RCC_GetSysClockFreq                  0x08001821   Thumb Code    74  stm32f1xx_hal_rcc.o(i.HAL_RCC_GetSysClockFreq)
    HAL_RCC_OscConfig                        0x0800188d   Thumb Code   778  stm32f1xx_hal_rcc.o(i.HAL_RCC_OscConfig)
    HAL_SPI_Init                             0x08001bad   Thumb Code   178  stm32f1xx_hal_spi.o(i.HAL_SPI_Init)
    HAL_SPI_MspInit                          0x08001c61   Thumb Code   102  stm32f1xx_hal_msp.o(i.HAL_SPI_MspInit)
    HAL_SPI_Transmit                         0x08001cd5   Thumb Code   358  stm32f1xx_hal_spi.o(i.HAL_SPI_Transmit)
    HAL_SPI_TransmitReceive                  0x08001e3b   Thumb Code   482  stm32f1xx_hal_spi.o(i.HAL_SPI_TransmitReceive)
    HAL_TIMEx_BreakCallback                  0x0800201d   Thumb Code     2  stm32f1xx_hal_tim_ex.o(i.HAL_TIMEx_BreakCallback)
    HAL_TIMEx_CommutCallback                 0x0800201f   Thumb Code     2  stm32f1xx_hal_tim_ex.o(i.HAL_TIMEx_CommutCallback)
    HAL_TIM_Base_Init                        0x08002021   Thumb Code    90  stm32f1xx_hal_tim.o(i.HAL_TIM_Base_Init)
    HAL_TIM_Base_MspInit                     0x0800207b   Thumb Code     2  stm32f1xx_hal_tim.o(i.HAL_TIM_Base_MspInit)
    HAL_TIM_Base_Start_IT                    0x0800207d   Thumb Code    76  stm32f1xx_hal_tim.o(i.HAL_TIM_Base_Start_IT)
    HAL_TIM_IC_CaptureCallback               0x080020d5   Thumb Code     2  stm32f1xx_hal_tim.o(i.HAL_TIM_IC_CaptureCallback)
    HAL_TIM_IRQHandler                       0x080020d7   Thumb Code   358  stm32f1xx_hal_tim.o(i.HAL_TIM_IRQHandler)
    HAL_TIM_OC_DelayElapsedCallback          0x0800223d   Thumb Code     2  stm32f1xx_hal_tim.o(i.HAL_TIM_OC_DelayElapsedCallback)
    HAL_TIM_PWM_PulseFinishedCallback        0x0800223f   Thumb Code     2  stm32f1xx_hal_tim.o(i.HAL_TIM_PWM_PulseFinishedCallback)
    HAL_TIM_PeriodElapsedCallback            0x08002241   Thumb Code    14  main.o(i.HAL_TIM_PeriodElapsedCallback)
    HAL_TIM_TriggerCallback                  0x0800224f   Thumb Code     2  stm32f1xx_hal_tim.o(i.HAL_TIM_TriggerCallback)
    HAL_UARTEx_RxEventCallback               0x08002251   Thumb Code     2  stm32f1xx_hal_uart.o(i.HAL_UARTEx_RxEventCallback)
    HAL_UART_ErrorCallback                   0x08002253   Thumb Code     2  stm32f1xx_hal_uart.o(i.HAL_UART_ErrorCallback)
    HAL_UART_IRQHandler                      0x08002255   Thumb Code   520  stm32f1xx_hal_uart.o(i.HAL_UART_IRQHandler)
    HAL_UART_Init                            0x08002461   Thumb Code    98  stm32f1xx_hal_uart.o(i.HAL_UART_Init)
    HAL_UART_MspInit                         0x080024c5   Thumb Code   194  stm32f1xx_hal_msp.o(i.HAL_UART_MspInit)
    HAL_UART_Receive_DMA                     0x080025a1   Thumb Code    42  stm32f1xx_hal_uart.o(i.HAL_UART_Receive_DMA)
    HAL_UART_RxCpltCallback                  0x080025cd   Thumb Code    12  main.o(i.HAL_UART_RxCpltCallback)
    HAL_UART_RxHalfCpltCallback              0x080025dd   Thumb Code     2  stm32f1xx_hal_uart.o(i.HAL_UART_RxHalfCpltCallback)
    HAL_UART_Transmit_DMA                    0x080025e1   Thumb Code   114  stm32f1xx_hal_uart.o(i.HAL_UART_Transmit_DMA)
    HAL_UART_TxCpltCallback                  0x08002661   Thumb Code     2  stm32f1xx_hal_uart.o(i.HAL_UART_TxCpltCallback)
    HAL_UART_TxHalfCpltCallback              0x08002663   Thumb Code     2  stm32f1xx_hal_uart.o(i.HAL_UART_TxHalfCpltCallback)
    HardFault_Handler                        0x08002665   Thumb Code     2  stm32f1xx_it.o(i.HardFault_Handler)
    MemManage_Handler                        0x08002821   Thumb Code     2  stm32f1xx_it.o(i.MemManage_Handler)
    NEXTION_SendInt                          0x08002825   Thumb Code    84  nextion.o(i.NEXTION_SendInt)
    NEXTION_SendString                       0x08002891   Thumb Code    84  nextion.o(i.NEXTION_SendString)
    NMI_Handler                              0x080028fd   Thumb Code     2  stm32f1xx_it.o(i.NMI_Handler)
    NRF24L01_RX_Mode                         0x08002901   Thumb Code    46  nrf24.o(i.NRF24L01_RX_Mode)
    NRF24L01_Send                            0x08002935   Thumb Code   160  nrf24.o(i.NRF24L01_Send)
    NRF24L01_TX_Mode                         0x080029dd   Thumb Code    36  nrf24.o(i.NRF24L01_TX_Mode)
    NRF24_FlushRX                            0x08002a09   Thumb Code    56  nrf24.o(i.NRF24_FlushRX)
    NRF24_FlushTX                            0x08002a4d   Thumb Code    56  nrf24.o(i.NRF24_FlushTX)
    NRF24_ReadReg                            0x08002a91   Thumb Code    90  nrf24.o(i.NRF24_ReadReg)
    NRF24_ToggleFeatures                     0x08002af5   Thumb Code    76  nrf24.o(i.NRF24_ToggleFeatures)
    NRF24_Transmit                           0x08002b4d   Thumb Code    96  nrf24.o(i.NRF24_Transmit)
    NRF24_WriteReg                           0x08002bb9   Thumb Code    70  nrf24.o(i.NRF24_WriteReg)
    NRF24_Write_Buf                          0x08002c09   Thumb Code    84  nrf24.o(i.NRF24_Write_Buf)
    NRF24_ini                                0x08002c65   Thumb Code   178  nrf24.o(i.NRF24_ini)
    Radio_send_task                          0x08002d25   Thumb Code   172  main.o(i.Radio_send_task)
    StartDefaultTask                         0x08002ef5   Thumb Code     8  main.o(i.StartDefaultTask)
    SysTick_Handler                          0x08002efd   Thumb Code    38  port.o(i.SysTick_Handler)
    SystemClock_Config                       0x08002f29   Thumb Code    94  main.o(i.SystemClock_Config)
    SystemInit                               0x08002f87   Thumb Code     2  system_stm32f1xx.o(i.SystemInit)
    TIM2_IRQHandler                          0x08002f89   Thumb Code     6  stm32f1xx_it.o(i.TIM2_IRQHandler)
    TIM_Base_SetConfig                       0x08002f95   Thumb Code    94  stm32f1xx_hal_tim.o(i.TIM_Base_SetConfig)
    UART_Start_Receive_DMA                   0x080032b9   Thumb Code    98  stm32f1xx_hal_uart.o(i.UART_Start_Receive_DMA)
    USART1_IRQHandler                        0x08003329   Thumb Code     6  stm32f1xx_it.o(i.USART1_IRQHandler)
    USB_HP_CAN1_TX_IRQHandler                0x08003335   Thumb Code     6  stm32f1xx_it.o(i.USB_HP_CAN1_TX_IRQHandler)
    USB_LP_CAN1_RX0_IRQHandler               0x08003341   Thumb Code     6  stm32f1xx_it.o(i.USB_LP_CAN1_RX0_IRQHandler)
    UsageFault_Handler                       0x0800334d   Thumb Code     2  stm32f1xx_it.o(i.UsageFault_Handler)
    _is_digit                                0x0800336f   Thumb Code    14  __printf_wp.o(i._is_digit)
    current_mission                          0x0800337d   Thumb Code    50  nextion.o(i.current_mission)
    main                                     0x08003411   Thumb Code   320  main.o(i.main)
    osDelay                                  0x080035ad   Thumb Code    16  cmsis_os.o(i.osDelay)
    osKernelStart                            0x080035bd   Thumb Code    10  cmsis_os.o(i.osKernelStart)
    osThreadCreate                           0x080035c7   Thumb Code    92  cmsis_os.o(i.osThreadCreate)
    pvPortMalloc                             0x080039a1   Thumb Code   218  heap_4.o(i.pvPortMalloc)
    pxPortInitialiseStack                    0x08003a85   Thumb Code    30  port.o(i.pxPortInitialiseStack)
    uxListRemove                             0x08003aa9   Thumb Code    38  list.o(i.uxListRemove)
    vApplicationGetIdleTaskMemory            0x08003ad1   Thumb Code    16  freertos.o(i.vApplicationGetIdleTaskMemory)
    vListInitialise                          0x08003ae5   Thumb Code    22  list.o(i.vListInitialise)
    vListInitialiseItem                      0x08003afb   Thumb Code     6  list.o(i.vListInitialiseItem)
    vListInsert                              0x08003b01   Thumb Code    54  list.o(i.vListInsert)
    vListInsertEnd                           0x08003b37   Thumb Code    24  list.o(i.vListInsertEnd)
    vPortEnterCritical                       0x08003b51   Thumb Code    54  port.o(i.vPortEnterCritical)
    vPortExitCritical                        0x08003b91   Thumb Code    38  port.o(i.vPortExitCritical)
    vPortFree                                0x08003bbd   Thumb Code    88  heap_4.o(i.vPortFree)
    vPortSetupTimerInterrupt                 0x08003c19   Thumb Code    32  port.o(i.vPortSetupTimerInterrupt)
    vTaskDelay                               0x08003c3d   Thumb Code    70  tasks.o(i.vTaskDelay)
    vTaskStartScheduler                      0x08003c8d   Thumb Code   120  tasks.o(i.vTaskStartScheduler)
    vTaskSuspendAll                          0x08003d15   Thumb Code    10  tasks.o(i.vTaskSuspendAll)
    vTaskSwitchContext                       0x08003d25   Thumb Code    86  tasks.o(i.vTaskSwitchContext)
    xPortStartScheduler                      0x08003d85   Thumb Code   168  port.o(i.xPortStartScheduler)
    xTaskCreate                              0x08003e39   Thumb Code   108  tasks.o(i.xTaskCreate)
    xTaskCreateStatic                        0x08003ea5   Thumb Code    96  tasks.o(i.xTaskCreateStatic)
    xTaskIncrementTick                       0x08003f05   Thumb Code   200  tasks.o(i.xTaskIncrementTick)
    xTaskResumeAll                           0x08003fd5   Thumb Code   190  tasks.o(i.xTaskResumeAll)
    __aeabi_d2f                              0x080040a1   Thumb Code     0  d2f.o(x$fpl$d2f)
    _d2f                                     0x080040a1   Thumb Code    98  d2f.o(x$fpl$d2f)
    __aeabi_dadd                             0x08004105   Thumb Code     0  daddsub_clz.o(x$fpl$dadd)
    _dadd                                    0x08004105   Thumb Code   332  daddsub_clz.o(x$fpl$dadd)
    __aeabi_ddiv                             0x08004255   Thumb Code     0  ddiv.o(x$fpl$ddiv)
    _ddiv                                    0x08004255   Thumb Code   552  ddiv.o(x$fpl$ddiv)
    __aeabi_d2uiz                            0x08004505   Thumb Code     0  dfixu.o(x$fpl$dfixu)
    _dfixu                                   0x08004505   Thumb Code    90  dfixu.o(x$fpl$dfixu)
    __aeabi_ui2d                             0x0800455f   Thumb Code     0  dflt_clz.o(x$fpl$dfltu)
    _dfltu                                   0x0800455f   Thumb Code    38  dflt_clz.o(x$fpl$dfltu)
    __aeabi_dmul                             0x08004585   Thumb Code     0  dmul.o(x$fpl$dmul)
    _dmul                                    0x08004585   Thumb Code   332  dmul.o(x$fpl$dmul)
    __fpl_dnaninf                            0x080046d9   Thumb Code   156  dnaninf.o(x$fpl$dnaninf)
    __fpl_dretinf                            0x08004775   Thumb Code    12  dretinf.o(x$fpl$dretinf)
    __aeabi_dsub                             0x08004781   Thumb Code     0  daddsub_clz.o(x$fpl$dsub)
    _dsub                                    0x08004781   Thumb Code   464  daddsub_clz.o(x$fpl$dsub)
    __aeabi_f2d                              0x08004955   Thumb Code     0  f2d.o(x$fpl$f2d)
    _f2d                                     0x08004955   Thumb Code    86  f2d.o(x$fpl$f2d)
    __fpl_fnaninf                            0x080049ab   Thumb Code   140  fnaninf.o(x$fpl$fnaninf)
    __fpl_fretinf                            0x08004a37   Thumb Code    10  fretinf.o(x$fpl$fretinf)
    __I$use$fp                               0x08004a40   Number         0  usenofp.o(x$fpl$usenofp)
    AHBPrescTable                            0x08004ab0   Data          16  system_stm32f1xx.o(.constdata)
    APBPrescTable                            0x08004ac0   Data           8  system_stm32f1xx.o(.constdata)
    Region$$Table$$Base                      0x08004b24   Number         0  anon$$obj.o(Region$$Table)
    Region$$Table$$Limit                     0x08004b44   Number         0  anon$$obj.o(Region$$Table)
    TX_ADDRESS                               0x20000000   Data           3  nrf24.o(.data)
    Cmd_End                                  0x20000003   Data           3  nextion.o(.data)
    recieve1                                 0x20000008   Data           1  main.o(.data)
    buf1                                     0x20000009   Data           1  main.o(.data)
    dt_reg                                   0x2000000a   Data           1  main.o(.data)
    defaultTaskHandle                        0x2000000c   Data           4  main.o(.data)
    RadioHandle                              0x20000010   Data           4  main.o(.data)
    DisplayHandle                            0x20000014   Data           4  main.o(.data)
    CANHandle                                0x20000018   Data           4  main.o(.data)
    CAN_RX_data                              0x2000001c   Data           8  main.o(.data)
    uwTickFreq                               0x20000024   Data           1  stm32f1xx_hal.o(.data)
    uwTickPrio                               0x20000028   Data           4  stm32f1xx_hal.o(.data)
    uwTick                                   0x2000002c   Data           4  stm32f1xx_hal.o(.data)
    SystemCoreClock                          0x20000030   Data           4  system_stm32f1xx.o(.data)
    pxCurrentTCB                             0x20000034   Data           4  tasks.o(.data)
    Stack_lvls_u16                           0x20000094   Data          16  main.o(.bss)
    Stack_lvls_float                         0x200000a4   Data          32  main.o(.bss)
    UART_RX                                  0x200000c4   Data          20  main.o(.bss)
    str1                                     0x200000d8   Data          20  main.o(.bss)
    hcan                                     0x200000ec   Data          40  main.o(.bss)
    hspi2                                    0x20000114   Data          88  main.o(.bss)
    huart1                                   0x2000016c   Data          68  main.o(.bss)
    pTxHeader                                0x200001b0   Data          24  main.o(.bss)
    pRxHeader                                0x200001c8   Data          28  main.o(.bss)
    sFilterConfig                            0x200001e4   Data          40  main.o(.bss)
    hdma_usart1_tx                           0x2000020c   Data          68  main.o(.bss)
    hdma_usart1_rx                           0x20000250   Data          68  main.o(.bss)
    htim2                                    0x200004e8   Data          72  stm32f1xx_hal_timebase_tim.o(.bss)
    __libspace_start                         0x20001220   Data          96  libspace.o(.bss)
    __temporary_stack_top$libspace           0x20001280   Data           0  libspace.o(.bss)



==============================================================================

Memory Map of the image

  Image Entry point : 0x080000ed

  Load Region LR_IROM1 (Base: 0x08000000, Size: 0x00004bd8, Max: 0x00010000, ABSOLUTE)

    Execution Region ER_IROM1 (Exec base: 0x08000000, Load base: 0x08000000, Size: 0x00004b44, Max: 0x00010000, ABSOLUTE)

    Exec Addr    Load Addr    Size         Type   Attr      Idx    E Section Name        Object

    0x08000000   0x08000000   0x000000ec   Data   RO            3    RESET               startup_stm32f103xb.o
    0x080000ec   0x080000ec   0x00000008   Code   RO         4948  * !!!main             c_w.l(__main.o)
    0x080000f4   0x080000f4   0x00000034   Code   RO         5153    !!!scatter          c_w.l(__scatter.o)
    0x08000128   0x08000128   0x0000001a   Code   RO         5155    !!handler_copy      c_w.l(__scatter_copy.o)
    0x08000142   0x08000142   0x00000002   PAD
    0x08000144   0x08000144   0x0000001c   Code   RO         5157    !!handler_zi        c_w.l(__scatter_zi.o)
    0x08000160   0x08000160   0x00000000   Code   RO         4935    .ARM.Collect$$_printf_percent$$00000000  c_w.l(_printf_percent.o)
    0x08000160   0x08000160   0x00000006   Code   RO         4934    .ARM.Collect$$_printf_percent$$00000009  c_w.l(_printf_d.o)
    0x08000166   0x08000166   0x00000006   Code   RO         4933    .ARM.Collect$$_printf_percent$$0000000C  c_w.l(_printf_x.o)
    0x0800016c   0x0800016c   0x00000006   Code   RO         4932    .ARM.Collect$$_printf_percent$$00000014  c_w.l(_printf_s.o)
    0x08000172   0x08000172   0x00000004   Code   RO         4985    .ARM.Collect$$_printf_percent$$00000017  c_w.l(_printf_percent_end.o)
    0x08000176   0x08000176   0x00000002   Code   RO         5023    .ARM.Collect$$libinit$$00000000  c_w.l(libinit.o)
    0x08000178   0x08000178   0x00000000   Code   RO         5030    .ARM.Collect$$libinit$$00000002  c_w.l(libinit2.o)
    0x08000178   0x08000178   0x00000000   Code   RO         5032    .ARM.Collect$$libinit$$00000004  c_w.l(libinit2.o)
    0x08000178   0x08000178   0x00000000   Code   RO         5035    .ARM.Collect$$libinit$$0000000A  c_w.l(libinit2.o)
    0x08000178   0x08000178   0x00000000   Code   RO         5037    .ARM.Collect$$libinit$$0000000C  c_w.l(libinit2.o)
    0x08000178   0x08000178   0x00000000   Code   RO         5039    .ARM.Collect$$libinit$$0000000E  c_w.l(libinit2.o)
    0x08000178   0x08000178   0x00000000   Code   RO         5042    .ARM.Collect$$libinit$$00000011  c_w.l(libinit2.o)
    0x08000178   0x08000178   0x00000000   Code   RO         5044    .ARM.Collect$$libinit$$00000013  c_w.l(libinit2.o)
    0x08000178   0x08000178   0x00000000   Code   RO         5046    .ARM.Collect$$libinit$$00000015  c_w.l(libinit2.o)
    0x08000178   0x08000178   0x00000000   Code   RO         5048    .ARM.Collect$$libinit$$00000017  c_w.l(libinit2.o)
    0x08000178   0x08000178   0x00000000   Code   RO         5050    .ARM.Collect$$libinit$$00000019  c_w.l(libinit2.o)
    0x08000178   0x08000178   0x00000000   Code   RO         5052    .ARM.Collect$$libinit$$0000001B  c_w.l(libinit2.o)
    0x08000178   0x08000178   0x00000000   Code   RO         5054    .ARM.Collect$$libinit$$0000001D  c_w.l(libinit2.o)
    0x08000178   0x08000178   0x00000000   Code   RO         5056    .ARM.Collect$$libinit$$0000001F  c_w.l(libinit2.o)
    0x08000178   0x08000178   0x00000000   Code   RO         5058    .ARM.Collect$$libinit$$00000021  c_w.l(libinit2.o)
    0x08000178   0x08000178   0x00000000   Code   RO         5060    .ARM.Collect$$libinit$$00000023  c_w.l(libinit2.o)
    0x08000178   0x08000178   0x00000000   Code   RO         5062    .ARM.Collect$$libinit$$00000025  c_w.l(libinit2.o)
    0x08000178   0x08000178   0x00000000   Code   RO         5066    .ARM.Collect$$libinit$$0000002C  c_w.l(libinit2.o)
    0x08000178   0x08000178   0x00000000   Code   RO         5068    .ARM.Collect$$libinit$$0000002E  c_w.l(libinit2.o)
    0x08000178   0x08000178   0x00000000   Code   RO         5070    .ARM.Collect$$libinit$$00000030  c_w.l(libinit2.o)
    0x08000178   0x08000178   0x00000000   Code   RO         5072    .ARM.Collect$$libinit$$00000032  c_w.l(libinit2.o)
    0x08000178   0x08000178   0x00000002   Code   RO         5073    .ARM.Collect$$libinit$$00000033  c_w.l(libinit2.o)
    0x0800017a   0x0800017a   0x00000002   Code   RO         5093    .ARM.Collect$$libshutdown$$00000000  c_w.l(libshutdown.o)
    0x0800017c   0x0800017c   0x00000000   Code   RO         5106    .ARM.Collect$$libshutdown$$00000002  c_w.l(libshutdown2.o)
    0x0800017c   0x0800017c   0x00000000   Code   RO         5108    .ARM.Collect$$libshutdown$$00000004  c_w.l(libshutdown2.o)
    0x0800017c   0x0800017c   0x00000000   Code   RO         5111    .ARM.Collect$$libshutdown$$00000007  c_w.l(libshutdown2.o)
    0x0800017c   0x0800017c   0x00000000   Code   RO         5114    .ARM.Collect$$libshutdown$$0000000A  c_w.l(libshutdown2.o)
    0x0800017c   0x0800017c   0x00000000   Code   RO         5116    .ARM.Collect$$libshutdown$$0000000C  c_w.l(libshutdown2.o)
    0x0800017c   0x0800017c   0x00000000   Code   RO         5119    .ARM.Collect$$libshutdown$$0000000F  c_w.l(libshutdown2.o)
    0x0800017c   0x0800017c   0x00000002   Code   RO         5120    .ARM.Collect$$libshutdown$$00000010  c_w.l(libshutdown2.o)
    0x0800017e   0x0800017e   0x00000000   Code   RO         4976    .ARM.Collect$$rtentry$$00000000  c_w.l(__rtentry.o)
    0x0800017e   0x0800017e   0x00000000   Code   RO         4998    .ARM.Collect$$rtentry$$00000002  c_w.l(__rtentry2.o)
    0x0800017e   0x0800017e   0x00000006   Code   RO         5010    .ARM.Collect$$rtentry$$00000004  c_w.l(__rtentry4.o)
    0x08000184   0x08000184   0x00000000   Code   RO         5000    .ARM.Collect$$rtentry$$00000009  c_w.l(__rtentry2.o)
    0x08000184   0x08000184   0x00000004   Code   RO         5001    .ARM.Collect$$rtentry$$0000000A  c_w.l(__rtentry2.o)
    0x08000188   0x08000188   0x00000000   Code   RO         5003    .ARM.Collect$$rtentry$$0000000C  c_w.l(__rtentry2.o)
    0x08000188   0x08000188   0x00000008   Code   RO         5004    .ARM.Collect$$rtentry$$0000000D  c_w.l(__rtentry2.o)
    0x08000190   0x08000190   0x00000002   Code   RO         5027    .ARM.Collect$$rtexit$$00000000  c_w.l(rtexit.o)
    0x08000192   0x08000192   0x00000000   Code   RO         5075    .ARM.Collect$$rtexit$$00000002  c_w.l(rtexit2.o)
    0x08000192   0x08000192   0x00000004   Code   RO         5076    .ARM.Collect$$rtexit$$00000003  c_w.l(rtexit2.o)
    0x08000196   0x08000196   0x00000006   Code   RO         5077    .ARM.Collect$$rtexit$$00000004  c_w.l(rtexit2.o)
    0x0800019c   0x0800019c   0x00000096   Code   RO         4798    .emb_text           port.o
    0x08000232   0x08000232   0x00000002   PAD
    0x08000234   0x08000234   0x00000040   Code   RO            4    .text               startup_stm32f103xb.o
    0x08000274   0x08000274   0x0000002c   Code   RO         4879    .text               c_w.l(__2sprintf.o)
    0x080002a0   0x080002a0   0x0000004e   Code   RO         4885    .text               c_w.l(_printf_pad.o)
    0x080002ee   0x080002ee   0x00000052   Code   RO         4887    .text               c_w.l(_printf_str.o)
    0x08000340   0x08000340   0x00000078   Code   RO         4889    .text               c_w.l(_printf_dec.o)
    0x080003b8   0x080003b8   0x00000058   Code   RO         4894    .text               c_w.l(_printf_hex_int.o)
    0x08000410   0x08000410   0x00000138   Code   RO         4924    .text               c_w.l(__printf_flags_wp.o)
    0x08000548   0x08000548   0x00000096   Code   RO         4936    .text               c_w.l(strncmp.o)
    0x080005de   0x080005de   0x00000064   Code   RO         4940    .text               c_w.l(rt_memcpy_w.o)
    0x08000642   0x08000642   0x0000004e   Code   RO         4944    .text               c_w.l(rt_memclr_w.o)
    0x08000690   0x08000690   0x00000006   Code   RO         4946    .text               c_w.l(heapauxi.o)
    0x08000696   0x08000696   0x000000b2   Code   RO         4977    .text               c_w.l(_printf_intcommon.o)
    0x08000748   0x08000748   0x00000030   Code   RO         4979    .text               c_w.l(_printf_char_common.o)
    0x08000778   0x08000778   0x0000000a   Code   RO         4981    .text               c_w.l(_sputc.o)
    0x08000782   0x08000782   0x0000002c   Code   RO         4983    .text               c_w.l(_printf_char.o)
    0x080007ae   0x080007ae   0x0000004a   Code   RO         5014    .text               c_w.l(sys_stackheap_outer.o)
    0x080007f8   0x080007f8   0x00000012   Code   RO         5016    .text               c_w.l(exit.o)
    0x0800080a   0x0800080a   0x00000002   PAD
    0x0800080c   0x0800080c   0x00000008   Code   RO         5024    .text               c_w.l(libspace.o)
    0x08000814   0x08000814   0x0000000c   Code   RO         5085    .text               c_w.l(sys_exit.o)
    0x08000820   0x08000820   0x00000002   Code   RO         5096    .text               c_w.l(use_no_semi.o)
    0x08000822   0x08000822   0x00000000   Code   RO         5098    .text               c_w.l(indicate_semi.o)
    0x08000822   0x08000822   0x00000002   Code   RO          461    i.BusFault_Handler  stm32f1xx_it.o
    0x08000824   0x08000824   0x000000e8   Code   RO          301    i.CAN_task          main.o
    0x0800090c   0x0800090c   0x0000000c   Code   RO          462    i.DMA1_Channel4_IRQHandler  stm32f1xx_it.o
    0x08000918   0x08000918   0x0000000c   Code   RO          463    i.DMA1_Channel5_IRQHandler  stm32f1xx_it.o
    0x08000924   0x08000924   0x0000002a   Code   RO         1303    i.DMA_SetConfig     stm32f1xx_hal_dma.o
    0x0800094e   0x0800094e   0x00000002   Code   RO          464    i.DebugMon_Handler  stm32f1xx_it.o
    0x08000950   0x08000950   0x00000028   Code   RO           13    i.DelayMicro        nrf24.o
    0x08000978   0x08000978   0x00000040   Code   RO          302    i.Display_task      main.o
    0x080009b8   0x080009b8   0x00000004   Code   RO          303    i.Error_Handler     main.o
    0x080009bc   0x080009bc   0x00000024   Code   RO          692    i.HAL_CAN_ActivateNotification  stm32f1xx_hal_can.o
    0x080009e0   0x080009e0   0x000000ee   Code   RO          694    i.HAL_CAN_ConfigFilter  stm32f1xx_hal_can.o
    0x08000ace   0x08000ace   0x00000002   Code   RO          697    i.HAL_CAN_ErrorCallback  stm32f1xx_hal_can.o
    0x08000ad0   0x08000ad0   0x000000e8   Code   RO          700    i.HAL_CAN_GetRxMessage  stm32f1xx_hal_can.o
    0x08000bb8   0x08000bb8   0x000001fc   Code   RO          704    i.HAL_CAN_IRQHandler  stm32f1xx_hal_can.o
    0x08000db4   0x08000db4   0x0000011a   Code   RO          705    i.HAL_CAN_Init      stm32f1xx_hal_can.o
    0x08000ece   0x08000ece   0x00000002   PAD
    0x08000ed0   0x08000ed0   0x0000008c   Code   RO          556    i.HAL_CAN_MspInit   stm32f1xx_hal_msp.o
    0x08000f5c   0x08000f5c   0x00000002   Code   RO          712    i.HAL_CAN_RxFifo0FullCallback  stm32f1xx_hal_can.o
    0x08000f5e   0x08000f5e   0x00000002   PAD
    0x08000f60   0x08000f60   0x00000014   Code   RO          304    i.HAL_CAN_RxFifo0MsgPendingCallback  main.o
    0x08000f74   0x08000f74   0x00000002   Code   RO          714    i.HAL_CAN_RxFifo1FullCallback  stm32f1xx_hal_can.o
    0x08000f76   0x08000f76   0x00000002   Code   RO          715    i.HAL_CAN_RxFifo1MsgPendingCallback  stm32f1xx_hal_can.o
    0x08000f78   0x08000f78   0x00000002   Code   RO          716    i.HAL_CAN_SleepCallback  stm32f1xx_hal_can.o
    0x08000f7a   0x08000f7a   0x00000002   PAD
    0x08000f7c   0x08000f7c   0x00000058   Code   RO          717    i.HAL_CAN_Start     stm32f1xx_hal_can.o
    0x08000fd4   0x08000fd4   0x00000002   Code   RO          719    i.HAL_CAN_TxMailbox0AbortCallback  stm32f1xx_hal_can.o
    0x08000fd6   0x08000fd6   0x00000002   Code   RO          305    i.HAL_CAN_TxMailbox0CompleteCallback  main.o
    0x08000fd8   0x08000fd8   0x00000002   Code   RO          721    i.HAL_CAN_TxMailbox1AbortCallback  stm32f1xx_hal_can.o
    0x08000fda   0x08000fda   0x00000002   Code   RO          722    i.HAL_CAN_TxMailbox1CompleteCallback  stm32f1xx_hal_can.o
    0x08000fdc   0x08000fdc   0x00000002   Code   RO          723    i.HAL_CAN_TxMailbox2AbortCallback  stm32f1xx_hal_can.o
    0x08000fde   0x08000fde   0x00000002   Code   RO          724    i.HAL_CAN_TxMailbox2CompleteCallback  stm32f1xx_hal_can.o
    0x08000fe0   0x08000fe0   0x00000002   Code   RO          726    i.HAL_CAN_WakeUpFromRxMsgCallback  stm32f1xx_hal_can.o
    0x08000fe2   0x08000fe2   0x00000046   Code   RO         1304    i.HAL_DMA_Abort     stm32f1xx_hal_dma.o
    0x08001028   0x08001028   0x00000098   Code   RO         1305    i.HAL_DMA_Abort_IT  stm32f1xx_hal_dma.o
    0x080010c0   0x080010c0   0x00000154   Code   RO         1309    i.HAL_DMA_IRQHandler  stm32f1xx_hal_dma.o
    0x08001214   0x08001214   0x0000005c   Code   RO         1310    i.HAL_DMA_Init      stm32f1xx_hal_dma.o
    0x08001270   0x08001270   0x00000070   Code   RO         1314    i.HAL_DMA_Start_IT  stm32f1xx_hal_dma.o
    0x080012e0   0x080012e0   0x00000024   Code   RO          932    i.HAL_Delay         stm32f1xx_hal.o
    0x08001304   0x08001304   0x000001e0   Code   RO         1240    i.HAL_GPIO_Init     stm32f1xx_hal_gpio.o
    0x080014e4   0x080014e4   0x0000000a   Code   RO         1242    i.HAL_GPIO_ReadPin  stm32f1xx_hal_gpio.o
    0x080014ee   0x080014ee   0x0000000a   Code   RO         1244    i.HAL_GPIO_WritePin  stm32f1xx_hal_gpio.o
    0x080014f8   0x080014f8   0x0000000c   Code   RO          936    i.HAL_GetTick       stm32f1xx_hal.o
    0x08001504   0x08001504   0x00000010   Code   RO          942    i.HAL_IncTick       stm32f1xx_hal.o
    0x08001514   0x08001514   0x00000024   Code   RO          943    i.HAL_Init          stm32f1xx_hal.o
    0x08001538   0x08001538   0x00000074   Code   RO          616    i.HAL_InitTick      stm32f1xx_hal_timebase_tim.o
    0x080015ac   0x080015ac   0x00000048   Code   RO          557    i.HAL_MspInit       stm32f1xx_hal_msp.o
    0x080015f4   0x080015f4   0x0000001a   Code   RO         1400    i.HAL_NVIC_EnableIRQ  stm32f1xx_hal_cortex.o
    0x0800160e   0x0800160e   0x00000002   PAD
    0x08001610   0x08001610   0x00000040   Code   RO         1406    i.HAL_NVIC_SetPriority  stm32f1xx_hal_cortex.o
    0x08001650   0x08001650   0x00000024   Code   RO         1407    i.HAL_NVIC_SetPriorityGrouping  stm32f1xx_hal_cortex.o
    0x08001674   0x08001674   0x0000012c   Code   RO         1100    i.HAL_RCC_ClockConfig  stm32f1xx_hal_rcc.o
    0x080017a0   0x080017a0   0x00000040   Code   RO         1104    i.HAL_RCC_GetClockConfig  stm32f1xx_hal_rcc.o
    0x080017e0   0x080017e0   0x00000020   Code   RO         1107    i.HAL_RCC_GetPCLK1Freq  stm32f1xx_hal_rcc.o
    0x08001800   0x08001800   0x00000020   Code   RO         1108    i.HAL_RCC_GetPCLK2Freq  stm32f1xx_hal_rcc.o
    0x08001820   0x08001820   0x0000006c   Code   RO         1109    i.HAL_RCC_GetSysClockFreq  stm32f1xx_hal_rcc.o
    0x0800188c   0x0800188c   0x00000320   Code   RO         1112    i.HAL_RCC_OscConfig  stm32f1xx_hal_rcc.o
    0x08001bac   0x08001bac   0x000000b2   Code   RO         1911    i.HAL_SPI_Init      stm32f1xx_hal_spi.o
    0x08001c5e   0x08001c5e   0x00000002   PAD
    0x08001c60   0x08001c60   0x00000074   Code   RO          559    i.HAL_SPI_MspInit   stm32f1xx_hal_msp.o
    0x08001cd4   0x08001cd4   0x00000166   Code   RO         1919    i.HAL_SPI_Transmit  stm32f1xx_hal_spi.o
    0x08001e3a   0x08001e3a   0x000001e2   Code   RO         1920    i.HAL_SPI_TransmitReceive  stm32f1xx_hal_spi.o
    0x0800201c   0x0800201c   0x00000002   Code   RO         2928    i.HAL_TIMEx_BreakCallback  stm32f1xx_hal_tim_ex.o
    0x0800201e   0x0800201e   0x00000002   Code   RO         2929    i.HAL_TIMEx_CommutCallback  stm32f1xx_hal_tim_ex.o
    0x08002020   0x08002020   0x0000005a   Code   RO         2224    i.HAL_TIM_Base_Init  stm32f1xx_hal_tim.o
    0x0800207a   0x0800207a   0x00000002   Code   RO         2226    i.HAL_TIM_Base_MspInit  stm32f1xx_hal_tim.o
    0x0800207c   0x0800207c   0x00000058   Code   RO         2229    i.HAL_TIM_Base_Start_IT  stm32f1xx_hal_tim.o
    0x080020d4   0x080020d4   0x00000002   Code   RO         2258    i.HAL_TIM_IC_CaptureCallback  stm32f1xx_hal_tim.o
    0x080020d6   0x080020d6   0x00000166   Code   RO         2272    i.HAL_TIM_IRQHandler  stm32f1xx_hal_tim.o
    0x0800223c   0x0800223c   0x00000002   Code   RO         2275    i.HAL_TIM_OC_DelayElapsedCallback  stm32f1xx_hal_tim.o
    0x0800223e   0x0800223e   0x00000002   Code   RO         2302    i.HAL_TIM_PWM_PulseFinishedCallback  stm32f1xx_hal_tim.o
    0x08002240   0x08002240   0x0000000e   Code   RO          306    i.HAL_TIM_PeriodElapsedCallback  main.o
    0x0800224e   0x0800224e   0x00000002   Code   RO         2315    i.HAL_TIM_TriggerCallback  stm32f1xx_hal_tim.o
    0x08002250   0x08002250   0x00000002   Code   RO         3206    i.HAL_UARTEx_RxEventCallback  stm32f1xx_hal_uart.o
    0x08002252   0x08002252   0x00000002   Code   RO         3220    i.HAL_UART_ErrorCallback  stm32f1xx_hal_uart.o
    0x08002254   0x08002254   0x0000020c   Code   RO         3223    i.HAL_UART_IRQHandler  stm32f1xx_hal_uart.o
    0x08002460   0x08002460   0x00000062   Code   RO         3224    i.HAL_UART_Init     stm32f1xx_hal_uart.o
    0x080024c2   0x080024c2   0x00000002   PAD
    0x080024c4   0x080024c4   0x000000dc   Code   RO          561    i.HAL_UART_MspInit  stm32f1xx_hal_msp.o
    0x080025a0   0x080025a0   0x0000002a   Code   RO         3228    i.HAL_UART_Receive_DMA  stm32f1xx_hal_uart.o
    0x080025ca   0x080025ca   0x00000002   PAD
    0x080025cc   0x080025cc   0x00000010   Code   RO          307    i.HAL_UART_RxCpltCallback  main.o
    0x080025dc   0x080025dc   0x00000002   Code   RO         3231    i.HAL_UART_RxHalfCpltCallback  stm32f1xx_hal_uart.o
    0x080025de   0x080025de   0x00000002   PAD
    0x080025e0   0x080025e0   0x00000080   Code   RO         3233    i.HAL_UART_Transmit_DMA  stm32f1xx_hal_uart.o
    0x08002660   0x08002660   0x00000002   Code   RO         3235    i.HAL_UART_TxCpltCallback  stm32f1xx_hal_uart.o
    0x08002662   0x08002662   0x00000002   Code   RO         3236    i.HAL_UART_TxHalfCpltCallback  stm32f1xx_hal_uart.o
    0x08002664   0x08002664   0x00000002   Code   RO          465    i.HardFault_Handler  stm32f1xx_it.o
    0x08002666   0x08002666   0x00000002   PAD
    0x08002668   0x08002668   0x00000098   Code   RO          308    i.MX_CAN_Init       main.o
    0x08002700   0x08002700   0x000000dc   Code   RO          309    i.MX_GPIO_Init      main.o
    0x080027dc   0x080027dc   0x00000044   Code   RO          310    i.MX_SPI2_Init      main.o
    0x08002820   0x08002820   0x00000002   Code   RO          466    i.MemManage_Handler  stm32f1xx_it.o
    0x08002822   0x08002822   0x00000002   PAD
    0x08002824   0x08002824   0x0000006c   Code   RO          213    i.NEXTION_SendInt   nextion.o
    0x08002890   0x08002890   0x0000006c   Code   RO          214    i.NEXTION_SendString  nextion.o
    0x080028fc   0x080028fc   0x00000002   Code   RO          467    i.NMI_Handler       stm32f1xx_it.o
    0x080028fe   0x080028fe   0x00000002   PAD
    0x08002900   0x08002900   0x00000034   Code   RO           14    i.NRF24L01_RX_Mode  nrf24.o
    0x08002934   0x08002934   0x000000a8   Code   RO           15    i.NRF24L01_Send     nrf24.o
    0x080029dc   0x080029dc   0x0000002c   Code   RO           16    i.NRF24L01_TX_Mode  nrf24.o
    0x08002a08   0x08002a08   0x00000044   Code   RO           17    i.NRF24_FlushRX     nrf24.o
    0x08002a4c   0x08002a4c   0x00000044   Code   RO           18    i.NRF24_FlushTX     nrf24.o
    0x08002a90   0x08002a90   0x00000064   Code   RO           19    i.NRF24_ReadReg     nrf24.o
    0x08002af4   0x08002af4   0x00000058   Code   RO           21    i.NRF24_ToggleFeatures  nrf24.o
    0x08002b4c   0x08002b4c   0x0000006c   Code   RO           22    i.NRF24_Transmit    nrf24.o
    0x08002bb8   0x08002bb8   0x00000050   Code   RO           23    i.NRF24_WriteReg    nrf24.o
    0x08002c08   0x08002c08   0x0000005c   Code   RO           24    i.NRF24_Write_Buf   nrf24.o
    0x08002c64   0x08002c64   0x000000c0   Code   RO           25    i.NRF24_ini         nrf24.o
    0x08002d24   0x08002d24   0x000000f8   Code   RO          311    i.Radio_send_task   main.o
    0x08002e1c   0x08002e1c   0x00000020   Code   RO         1949    i.SPI_EndRxTxTransaction  stm32f1xx_hal_spi.o
    0x08002e3c   0x08002e3c   0x000000b8   Code   RO         1954    i.SPI_WaitFlagStateUntilTimeout  stm32f1xx_hal_spi.o
    0x08002ef4   0x08002ef4   0x00000008   Code   RO          312    i.StartDefaultTask  main.o
    0x08002efc   0x08002efc   0x0000002c   Code   RO         4799    i.SysTick_Handler   port.o
    0x08002f28   0x08002f28   0x0000005e   Code   RO          313    i.SystemClock_Config  main.o
    0x08002f86   0x08002f86   0x00000002   Code   RO         3553    i.SystemInit        system_stm32f1xx.o
    0x08002f88   0x08002f88   0x0000000c   Code   RO          468    i.TIM2_IRQHandler   stm32f1xx_it.o
    0x08002f94   0x08002f94   0x0000006c   Code   RO         2317    i.TIM_Base_SetConfig  stm32f1xx_hal_tim.o
    0x08003000   0x08003000   0x00000010   Code   RO         3237    i.UART_DMAAbortOnError  stm32f1xx_hal_uart.o
    0x08003010   0x08003010   0x0000004a   Code   RO         3238    i.UART_DMAError     stm32f1xx_hal_uart.o
    0x0800305a   0x0800305a   0x0000005a   Code   RO         3239    i.UART_DMAReceiveCplt  stm32f1xx_hal_uart.o
    0x080030b4   0x080030b4   0x0000001a   Code   RO         3241    i.UART_DMARxHalfCplt  stm32f1xx_hal_uart.o
    0x080030ce   0x080030ce   0x0000002e   Code   RO         3243    i.UART_DMATransmitCplt  stm32f1xx_hal_uart.o
    0x080030fc   0x080030fc   0x0000000a   Code   RO         3245    i.UART_DMATxHalfCplt  stm32f1xx_hal_uart.o
    0x08003106   0x08003106   0x00000030   Code   RO         3247    i.UART_EndRxTransfer  stm32f1xx_hal_uart.o
    0x08003136   0x08003136   0x00000012   Code   RO         3248    i.UART_EndTxTransfer  stm32f1xx_hal_uart.o
    0x08003148   0x08003148   0x000000b6   Code   RO         3249    i.UART_Receive_IT   stm32f1xx_hal_uart.o
    0x080031fe   0x080031fe   0x00000002   PAD
    0x08003200   0x08003200   0x000000b8   Code   RO         3250    i.UART_SetConfig    stm32f1xx_hal_uart.o
    0x080032b8   0x080032b8   0x00000070   Code   RO         3251    i.UART_Start_Receive_DMA  stm32f1xx_hal_uart.o
    0x08003328   0x08003328   0x0000000c   Code   RO          469    i.USART1_IRQHandler  stm32f1xx_it.o
    0x08003334   0x08003334   0x0000000c   Code   RO          470    i.USB_HP_CAN1_TX_IRQHandler  stm32f1xx_it.o
    0x08003340   0x08003340   0x0000000c   Code   RO          471    i.USB_LP_CAN1_RX0_IRQHandler  stm32f1xx_it.o
    0x0800334c   0x0800334c   0x00000002   Code   RO          472    i.UsageFault_Handler  stm32f1xx_it.o
    0x0800334e   0x0800334e   0x00000020   Code   RO         1413    i.__NVIC_SetPriority  stm32f1xx_hal_cortex.o
    0x0800336e   0x0800336e   0x0000000e   Code   RO         4922    i._is_digit         c_w.l(__printf_wp.o)
    0x0800337c   0x0800337c   0x00000094   Code   RO          215    i.current_mission   nextion.o
    0x08003410   0x08003410   0x00000190   Code   RO          314    i.main              main.o
    0x080035a0   0x080035a0   0x0000000c   Code   RO         4370    i.makeFreeRtosPriority  cmsis_os.o
    0x080035ac   0x080035ac   0x00000010   Code   RO         4372    i.osDelay           cmsis_os.o
    0x080035bc   0x080035bc   0x0000000a   Code   RO         4375    i.osKernelStart     cmsis_os.o
    0x080035c6   0x080035c6   0x0000005c   Code   RO         4409    i.osThreadCreate    cmsis_os.o
    0x08003622   0x08003622   0x00000002   PAD
    0x08003624   0x08003624   0x00000078   Code   RO         4056    i.prvAddCurrentTaskToDelayedList  tasks.o
    0x0800369c   0x0800369c   0x00000088   Code   RO         4057    i.prvAddNewTaskToReadyList  tasks.o
    0x08003724   0x08003724   0x00000040   Code   RO         4058    i.prvCheckTasksWaitingTermination  tasks.o
    0x08003764   0x08003764   0x00000040   Code   RO         4059    i.prvDeleteTCB      tasks.o
    0x080037a4   0x080037a4   0x00000050   Code   RO         4737    i.prvHeapInit       heap_4.o
    0x080037f4   0x080037f4   0x00000028   Code   RO         4060    i.prvIdleTask       tasks.o
    0x0800381c   0x0800381c   0x00000074   Code   RO         4061    i.prvInitialiseNewTask  tasks.o
    0x08003890   0x08003890   0x00000060   Code   RO         4062    i.prvInitialiseTaskLists  tasks.o
    0x080038f0   0x080038f0   0x0000005c   Code   RO         4738    i.prvInsertBlockIntoFreeList  heap_4.o
    0x0800394c   0x0800394c   0x00000024   Code   RO         4063    i.prvResetNextTaskUnblockTime  tasks.o
    0x08003970   0x08003970   0x00000030   Code   RO         4800    i.prvTaskExitError  port.o
    0x080039a0   0x080039a0   0x000000e4   Code   RO         4739    i.pvPortMalloc      heap_4.o
    0x08003a84   0x08003a84   0x00000024   Code   RO         4801    i.pxPortInitialiseStack  port.o
    0x08003aa8   0x08003aa8   0x00000026   Code   RO         3691    i.uxListRemove      list.o
    0x08003ace   0x08003ace   0x00000002   PAD
    0x08003ad0   0x08003ad0   0x00000014   Code   RO          427    i.vApplicationGetIdleTaskMemory  freertos.o
    0x08003ae4   0x08003ae4   0x00000016   Code   RO         3692    i.vListInitialise   list.o
    0x08003afa   0x08003afa   0x00000006   Code   RO         3693    i.vListInitialiseItem  list.o
    0x08003b00   0x08003b00   0x00000036   Code   RO         3694    i.vListInsert       list.o
    0x08003b36   0x08003b36   0x00000018   Code   RO         3695    i.vListInsertEnd    list.o
    0x08003b4e   0x08003b4e   0x00000002   PAD
    0x08003b50   0x08003b50   0x00000040   Code   RO         4803    i.vPortEnterCritical  port.o
    0x08003b90   0x08003b90   0x0000002c   Code   RO         4804    i.vPortExitCritical  port.o
    0x08003bbc   0x08003bbc   0x0000005c   Code   RO         4740    i.vPortFree         heap_4.o
    0x08003c18   0x08003c18   0x00000024   Code   RO         4805    i.vPortSetupTimerInterrupt  port.o
    0x08003c3c   0x08003c3c   0x00000050   Code   RO         4071    i.vTaskDelay        tasks.o
    0x08003c8c   0x08003c8c   0x00000088   Code   RO         4084    i.vTaskStartScheduler  tasks.o
    0x08003d14   0x08003d14   0x00000010   Code   RO         4086    i.vTaskSuspendAll   tasks.o
    0x08003d24   0x08003d24   0x00000060   Code   RO         4087    i.vTaskSwitchContext  tasks.o
    0x08003d84   0x08003d84   0x000000b4   Code   RO         4807    i.xPortStartScheduler  port.o
    0x08003e38   0x08003e38   0x0000006c   Code   RO         4089    i.xTaskCreate       tasks.o
    0x08003ea4   0x08003ea4   0x00000060   Code   RO         4090    i.xTaskCreateStatic  tasks.o
    0x08003f04   0x08003f04   0x000000d0   Code   RO         4097    i.xTaskIncrementTick  tasks.o
    0x08003fd4   0x08003fd4   0x000000cc   Code   RO         4103    i.xTaskResumeAll    tasks.o
    0x080040a0   0x080040a0   0x00000062   Code   RO         4950    x$fpl$d2f           fz_ws.l(d2f.o)
    0x08004102   0x08004102   0x00000002   PAD
    0x08004104   0x08004104   0x00000150   Code   RO         4952    x$fpl$dadd          fz_ws.l(daddsub_clz.o)
    0x08004254   0x08004254   0x000002b0   Code   RO         4959    x$fpl$ddiv          fz_ws.l(ddiv.o)
    0x08004504   0x08004504   0x0000005a   Code   RO         4962    x$fpl$dfixu         fz_ws.l(dfixu.o)
    0x0800455e   0x0800455e   0x00000026   Code   RO         4966    x$fpl$dfltu         fz_ws.l(dflt_clz.o)
    0x08004584   0x08004584   0x00000154   Code   RO         4972    x$fpl$dmul          fz_ws.l(dmul.o)
    0x080046d8   0x080046d8   0x0000009c   Code   RO         4988    x$fpl$dnaninf       fz_ws.l(dnaninf.o)
    0x08004774   0x08004774   0x0000000c   Code   RO         4990    x$fpl$dretinf       fz_ws.l(dretinf.o)
    0x08004780   0x08004780   0x000001d4   Code   RO         4954    x$fpl$dsub          fz_ws.l(daddsub_clz.o)
    0x08004954   0x08004954   0x00000056   Code   RO         4974    x$fpl$f2d           fz_ws.l(f2d.o)
    0x080049aa   0x080049aa   0x0000008c   Code   RO         4992    x$fpl$fnaninf       fz_ws.l(fnaninf.o)
    0x08004a36   0x08004a36   0x0000000a   Code   RO         4994    x$fpl$fretinf       fz_ws.l(fretinf.o)
    0x08004a40   0x08004a40   0x00000000   Code   RO         4996    x$fpl$usenofp       fz_ws.l(usenofp.o)
    0x08004a40   0x08004a40   0x00000070   Data   RO          320    .constdata          main.o
    0x08004ab0   0x08004ab0   0x00000010   Data   RO         3554    .constdata          system_stm32f1xx.o
    0x08004ac0   0x08004ac0   0x00000008   Data   RO         3555    .constdata          system_stm32f1xx.o
    0x08004ac8   0x08004ac8   0x00000028   Data   RO         4895    .constdata          c_w.l(_printf_hex_int.o)
    0x08004af0   0x08004af0   0x00000011   Data   RO         4925    .constdata          c_w.l(__printf_flags_wp.o)
    0x08004b01   0x08004b01   0x00000003   PAD
    0x08004b04   0x08004b04   0x00000020   Data   RO          321    .conststring        main.o
    0x08004b24   0x08004b24   0x00000020   Data   RO         5151    Region$$Table       anon$$obj.o


    Execution Region RW_IRAM1 (Exec base: 0x20000000, Load base: 0x08004b44, Size: 0x00001880, Max: 0x00005000, ABSOLUTE)

    Exec Addr    Load Addr    Size         Type   Attr      Idx    E Section Name        Object

    0x20000000   0x08004b44   0x00000003   Data   RW           26    .data               nrf24.o
    0x20000003   0x08004b47   0x00000003   Data   RW          216    .data               nextion.o
    0x20000006   0x08004b4a   0x00000002   PAD
    0x20000008   0x08004b4c   0x0000001c   Data   RW          322    .data               main.o
    0x20000024   0x08004b68   0x0000000c   Data   RW          950    .data               stm32f1xx_hal.o
    0x20000030   0x08004b74   0x00000004   Data   RW         3556    .data               system_stm32f1xx.o
    0x20000034   0x08004b78   0x0000003c   Data   RW         4106    .data               tasks.o
    0x20000070   0x08004bb4   0x00000018   Data   RW         4745    .data               heap_4.o
    0x20000088   0x08004bcc   0x0000000c   Data   RW         4808    .data               port.o
    0x20000094        -       0x00000178   Zero   RW          317    .bss                main.o
    0x2000020c        -       0x00000044   Zero   RW          318    .bss                main.o
    0x20000250        -       0x00000044   Zero   RW          319    .bss                main.o
    0x20000294        -       0x00000254   Zero   RW          428    .bss                freertos.o
    0x200004e8        -       0x00000048   Zero   RW          619    .bss                stm32f1xx_hal_timebase_tim.o
    0x20000530        -       0x000000f0   Zero   RW         4105    .bss                tasks.o
    0x20000620        -       0x00000c00   Zero   RW         4744    .bss                heap_4.o
    0x20001220        -       0x00000060   Zero   RW         5025    .bss                c_w.l(libspace.o)
    0x20001280        -       0x00000200   Zero   RW            2    HEAP                startup_stm32f103xb.o
    0x20001480        -       0x00000400   Zero   RW            1    STACK               startup_stm32f103xb.o


==============================================================================

Image component sizes


      Code (inc. data)   RO Data    RW Data    ZI Data      Debug   Object Name

       130          0          0          0          0      22235   cmsis_os.o
         0          0          0          0          0      18236   event_groups.o
        20          4          0          0        596       1272   freertos.o
       492         32          0         24       3072       7475   heap_4.o
       144          0          0          0          0       3506   list.o
      1542        288        144         28        512      10001   main.o
       364        154          0          3          0      33867   nextion.o
      1100        122          0          3          0     450115   nrf24.o
       602         62          0         12          0      10492   port.o
        64         26        236          0       1536        824   startup_stm32f103xb.o
       100         18          0         12          0       5326   stm32f1xx_hal.o
      1406          0          0          0          0      12223   stm32f1xx_hal_can.o
       158         14          0          0          0      28238   stm32f1xx_hal_cortex.o
       808         36          0          0          0       5070   stm32f1xx_hal_dma.o
       500         34          0          0          0       3567   stm32f1xx_hal_gpio.o
       548         62          0          0          0       3225   stm32f1xx_hal_msp.o
      1336        110          0          0          0       5897   stm32f1xx_hal_rcc.o
      1234          4          0          0          0       6260   stm32f1xx_hal_spi.o
       654         26          0          0          0       7140   stm32f1xx_hal_tim.o
         4          0          0          0          0       1585   stm32f1xx_hal_tim_ex.o
       116         14          0          0         72       1459   stm32f1xx_hal_timebase_tim.o
      1608         38          0          0          0      14122   stm32f1xx_hal_uart.o
        84         36          0          0          0       5394   stm32f1xx_it.o
         0          0          0          0          0        392   stream_buffer.o
         2          0         24          4          0       1155   system_stm32f1xx.o
      1616        140          0         60        240      17401   tasks.o

    ----------------------------------------------------------------------
     14664       1220        436        148       6028     676477   Object Totals
         0          0         32          0          0          0   (incl. Generated)
        32          0          0          2          0          0   (incl. Padding)

    ----------------------------------------------------------------------

      Code (inc. data)   RO Data    RW Data    ZI Data      Debug   Library Member Name

        44          6          0          0          0         84   __2sprintf.o
         8          0          0          0          0         68   __main.o
       312          4         17          0          0         92   __printf_flags_wp.o
        14          0          0          0          0         68   __printf_wp.o
         0          0          0          0          0          0   __rtentry.o
        12          0          0          0          0          0   __rtentry2.o
         6          0          0          0          0          0   __rtentry4.o
        52          8          0          0          0          0   __scatter.o
        26          0          0          0          0          0   __scatter_copy.o
        28          0          0          0          0          0   __scatter_zi.o
        44          0          0          0          0        108   _printf_char.o
        48          6          0          0          0         96   _printf_char_common.o
         6          0          0          0          0          0   _printf_d.o
       120         16          0          0          0         92   _printf_dec.o
        88          4         40          0          0         88   _printf_hex_int.o
       178          0          0          0          0         88   _printf_intcommon.o
        78          0          0          0          0        108   _printf_pad.o
         0          0          0          0          0          0   _printf_percent.o
         4          0          0          0          0          0   _printf_percent_end.o
         6          0          0          0          0          0   _printf_s.o
        82          0          0          0          0         80   _printf_str.o
         6          0          0          0          0          0   _printf_x.o
        10          0          0          0          0         68   _sputc.o
        18          0          0          0          0         80   exit.o
         6          0          0          0          0        152   heapauxi.o
         0          0          0          0          0          0   indicate_semi.o
         2          0          0          0          0          0   libinit.o
         2          0          0          0          0          0   libinit2.o
         2          0          0          0          0          0   libshutdown.o
         2          0          0          0          0          0   libshutdown2.o
         8          4          0          0         96         68   libspace.o
        78          0          0          0          0         80   rt_memclr_w.o
       100          0          0          0          0         80   rt_memcpy_w.o
         2          0          0          0          0          0   rtexit.o
        10          0          0          0          0          0   rtexit2.o
       150          0          0          0          0         80   strncmp.o
        12          4          0          0          0         68   sys_exit.o
        74          0          0          0          0         80   sys_stackheap_outer.o
         2          0          0          0          0         68   use_no_semi.o
        98          4          0          0          0         92   d2f.o
       804         16          0          0          0        272   daddsub_clz.o
       688        140          0          0          0        208   ddiv.o
        90          4          0          0          0         92   dfixu.o
        38          0          0          0          0         68   dflt_clz.o
       340         12          0          0          0        104   dmul.o
       156          4          0          0          0         92   dnaninf.o
        12          0          0          0          0         68   dretinf.o
        86          4          0          0          0         84   f2d.o
       140          4          0          0          0         84   fnaninf.o
        10          0          0          0          0         68   fretinf.o
         0          0          0          0          0          0   usenofp.o

    ----------------------------------------------------------------------
      4108        240         60          0         96       3028   Library Totals
         6          0          3          0          0          0   (incl. Padding)

    ----------------------------------------------------------------------

      Code (inc. data)   RO Data    RW Data    ZI Data      Debug   Library Name

      1640         52         57          0         96       1796   c_w.l
      2462        188          0          0          0       1232   fz_ws.l

    ----------------------------------------------------------------------
      4108        240         60          0         96       3028   Library Totals

    ----------------------------------------------------------------------

==============================================================================


      Code (inc. data)   RO Data    RW Data    ZI Data      Debug   

     18772       1460        496        148       6124     669985   Grand Totals
     18772       1460        496        148       6124     669985   ELF Image Totals
     18772       1460        496        148          0          0   ROM Totals

==============================================================================

    Total RO  Size (Code + RO Data)                19268 (  18.82kB)
    Total RW  Size (RW Data + ZI Data)              6272 (   6.13kB)
    Total ROM Size (Code + RO Data + RW Data)      19416 (  18.96kB)

==============================================================================

