<html>
<body>
<pre>
<h1>µVision Build Log</h1>
<h2>Tool Versions:</h2>
IDE-Version: µVision V5.31.0.0
Copyright (C) 2020 ARM Ltd and ARM Germany GmbH. All rights reserved.
License Information: Aleksandr Mikhalev, BMSTU, LIC=----
 
Tool Versions:
Toolchain:       MDK-Lite  Version: 5.31.0.0
Toolchain Path:  F:\fs\keil\ARM\ARMCC\Bin
C Compiler:      Armcc.exe V5.06 update 6 (build 750)
Assembler:       Armasm.exe V5.06 update 6 (build 750)
Linker/Locator:  ArmLink.exe V5.06 update 6 (build 750)
Library Manager: ArmAr.exe V5.06 update 6 (build 750)
Hex Converter:   FromElf.exe V5.06 update 6 (build 750)
CPU DLL:         SARMCM3.DLL V5.31.0.0
Dialog DLL:      DCM.DLL V1.17.3.0
Target DLL:      STLink\ST-LINKIII-KEIL_SWO.dll V3.0.7.0
Dialog DLL:      TCM.DLL V1.46.0.0
 
<h2>Project:</h2>
F:\fs_work\steering_wheel\Steeringwheel-myrep\SteeringWheel2022\MDK-ARM\SteeringWheel2022.uvprojx
Project File Date:  10/31/2022

<h2>Output:</h2>
*** Using Compiler 'V5.06 update 6 (build 750)', folder: 'F:\fs\keil\ARM\ARMCC\Bin'
Build target 'SteeringWheel2022'
compiling main.c...
../Core/Inc/NRF24.h(136): warning:  #1-D: last line of file ends without a newline
  #endif /* NRF24_H_ */
../Core/Inc/Nextion.h(11): warning:  #1-D: last line of file ends without a newline
  #endif /* NEXTION_H_ */
../Core/Src/main.c(121): warning:  #177-D: variable "retr_cnt"  was declared but never referenced
  	uint8_t retr_cnt, dt;
../Core/Src/main.c(121): warning:  #177-D: variable "dt"  was declared but never referenced
  	uint8_t retr_cnt, dt;
../Core/Src/main.c(548): warning:  #177-D: variable "green"  was declared but never referenced
  	char green[2] = N_RADIO_GREEN;
../Core/Src/main.c(549): warning:  #177-D: variable "red"  was declared but never referenced
  	char red[2] = N_RADIO_RED;
../Core/Src/main.c(632): warning:  #177-D: variable "cell_num"  was declared but never referenced
  	uint8_t cell_num = 0;
../Core/Src/main.c(635): warning:  #550-D: variable "stack_volt_perc_str_len"  was set but never used
  	size_t stack_volt_perc_str_len = 0;
../Core/Src/main.c(636): warning:  #550-D: variable "uart_mes_id_len"  was set but never used
  	size_t uart_mes_id_len = 0;
../Core/Src/main.c(638): warning:  #550-D: variable "uart_mesprogress_id_len"  was set but never used
  	size_t uart_mesprogress_id_len = 0;
../Core/Src/main.c(640): warning:  #177-D: variable "ffdf"  was declared but never referenced
  	uint8_t ffdf[5] ="vvvvv";
../Core/Src/main.c: 11 warnings, 0 errors
linking...
Program Size: Code=18772 RO-data=496 RW-data=148 ZI-data=6124  
FromELF: creating hex file...
"SteeringWheel2022\SteeringWheel2022.axf" - 0 Error(s), 11 Warning(s).

<h2>Software Packages used:</h2>

Package Vendor: ARM
                http://www.keil.com/pack/ARM.CMSIS.5.7.0.pack
                ARM.CMSIS.5.7.0
                CMSIS (Cortex Microcontroller Software Interface Standard)
   * Component: CORE Version: 5.4.0

Package Vendor: Keil
                http://www.keil.com/pack/Keil.STM32F1xx_DFP.2.3.0.pack
                Keil.STM32F1xx_DFP.2.3.0
                STMicroelectronics STM32F1 Series Device Support, Drivers and Examples

<h2>Collection of Component include folders:</h2>
  .\RTE\_SteeringWheel2022
  C:\Users\mikha\AppData\Local\Arm\Packs\ARM\CMSIS\5.7.0\CMSIS\Core\Include
  C:\Users\mikha\AppData\Local\Arm\Packs\Keil\STM32F1xx_DFP\2.3.0\Device\Include

<h2>Collection of Component Files used:</h2>

   * Component: ARM::CMSIS:CORE:5.4.0
Build Time Elapsed:  00:00:03
</pre>
</body>
</html>
